Archive member included to satisfy reference by file (symbol)

/usr/lib/gcc/arm-none-eabi/13.2.1/../../../arm-none-eabi/lib/thumb/v8-m.main+fp/softfp/libm.a(libm_a-wf_sqrt.o)
                              CMakeFiles/my_project.dir/home/jjy2026/pico/pico-sdk/src/rp2_common/pico_float/float_math.c.o (sqrtf)
/usr/lib/gcc/arm-none-eabi/13.2.1/../../../arm-none-eabi/lib/thumb/v8-m.main+fp/softfp/libm.a(libm_a-ef_sqrt.o)
                              /usr/lib/gcc/arm-none-eabi/13.2.1/../../../arm-none-eabi/lib/thumb/v8-m.main+fp/softfp/libm.a(libm_a-wf_sqrt.o) (__ieee754_sqrtf)
/usr/lib/gcc/arm-none-eabi/13.2.1/thumb/v8-m.main+fp/softfp/libgcc.a(_arm_addsubdf3.o)
                              CMakeFiles/my_project.dir/home/jjy2026/pico/pico-sdk/src/rp2_common/pico_float/float_math.c.o (__aeabi_f2d)
/usr/lib/gcc/arm-none-eabi/13.2.1/thumb/v8-m.main+fp/softfp/libgcc.a(_aeabi_ldivmod.o)
                              CMakeFiles/my_project.dir/home/jjy2026/pico/pico-sdk/src/common/pico_time/time.c.o (__aeabi_ldivmod)
/usr/lib/gcc/arm-none-eabi/13.2.1/thumb/v8-m.main+fp/softfp/libgcc.a(_aeabi_uldivmod.o)
                              CMakeFiles/my_project.dir/home/jjy2026/pico/pico-sdk/src/rp2_common/hardware_clocks/clocks.c.o (__aeabi_uldivmod)
/usr/lib/gcc/arm-none-eabi/13.2.1/thumb/v8-m.main+fp/softfp/libgcc.a(_udivmoddi4.o)
                              /usr/lib/gcc/arm-none-eabi/13.2.1/thumb/v8-m.main+fp/softfp/libgcc.a(_aeabi_ldivmod.o) (__udivmoddi4)
/usr/lib/gcc/arm-none-eabi/13.2.1/thumb/v8-m.main+fp/softfp/libgcc.a(_dvmd_tls.o)
                              /usr/lib/gcc/arm-none-eabi/13.2.1/thumb/v8-m.main+fp/softfp/libgcc.a(_aeabi_ldivmod.o) (__aeabi_ldiv0)
/usr/lib/gcc/arm-none-eabi/13.2.1/../../../arm-none-eabi/lib/thumb/v8-m.main+fp/softfp/libg.a(libc_a-memset.o)
                              /usr/lib/gcc/arm-none-eabi/13.2.1/../../../arm-none-eabi/lib/thumb/v8-m.main+fp/softfp/crt0.o (memset)
/usr/lib/gcc/arm-none-eabi/13.2.1/../../../arm-none-eabi/lib/thumb/v8-m.main+fp/softfp/libg.a(libc_a-calloc.o)
                              CMakeFiles/my_project.dir/home/jjy2026/pico/pico-sdk/src/rp2_common/pico_malloc/malloc.c.o (calloc)
/usr/lib/gcc/arm-none-eabi/13.2.1/../../../arm-none-eabi/lib/thumb/v8-m.main+fp/softfp/libg.a(libc_a-errno.o)
                              /usr/lib/gcc/arm-none-eabi/13.2.1/../../../arm-none-eabi/lib/thumb/v8-m.main+fp/softfp/libm.a(libm_a-wf_sqrt.o) (__errno)
/usr/lib/gcc/arm-none-eabi/13.2.1/../../../arm-none-eabi/lib/thumb/v8-m.main+fp/softfp/libg.a(libc_a-impure.o)
                              /usr/lib/gcc/arm-none-eabi/13.2.1/../../../arm-none-eabi/lib/thumb/v8-m.main+fp/softfp/libg.a(libc_a-calloc.o) (_impure_ptr)
/usr/lib/gcc/arm-none-eabi/13.2.1/../../../arm-none-eabi/lib/thumb/v8-m.main+fp/softfp/libg.a(libc_a-callocr.o)
                              /usr/lib/gcc/arm-none-eabi/13.2.1/../../../arm-none-eabi/lib/thumb/v8-m.main+fp/softfp/libg.a(libc_a-calloc.o) (_calloc_r)
/usr/lib/gcc/arm-none-eabi/13.2.1/../../../arm-none-eabi/lib/thumb/v8-m.main+fp/softfp/libg.a(libc_a-realloc.o)
                              CMakeFiles/my_project.dir/home/jjy2026/pico/pico-sdk/src/rp2_common/pico_malloc/malloc.c.o (realloc)
/usr/lib/gcc/arm-none-eabi/13.2.1/../../../arm-none-eabi/lib/thumb/v8-m.main+fp/softfp/libg.a(libc_a-mallocr.o)
                              /usr/lib/gcc/arm-none-eabi/13.2.1/../../../arm-none-eabi/lib/thumb/v8-m.main+fp/softfp/libg.a(libc_a-callocr.o) (_malloc_r)
/usr/lib/gcc/arm-none-eabi/13.2.1/../../../arm-none-eabi/lib/thumb/v8-m.main+fp/softfp/libg.a(libc_a-freer.o)
                              /usr/lib/gcc/arm-none-eabi/13.2.1/../../../arm-none-eabi/lib/thumb/v8-m.main+fp/softfp/libg.a(libc_a-mallocr.o) (_free_r)
/usr/lib/gcc/arm-none-eabi/13.2.1/../../../arm-none-eabi/lib/thumb/v8-m.main+fp/softfp/libg.a(libc_a-memcmp.o)
                              CMakeFiles/my_project.dir/home/jjy2026/pico/pico-sdk/src/rp2_common/pico_atomic/atomic.c.o (memcmp)
/usr/lib/gcc/arm-none-eabi/13.2.1/../../../arm-none-eabi/lib/thumb/v8-m.main+fp/softfp/libg.a(libc_a-malloc.o)
                              CMakeFiles/my_project.dir/home/jjy2026/pico/pico-sdk/src/rp2_common/pico_malloc/malloc.c.o (malloc)
/usr/lib/gcc/arm-none-eabi/13.2.1/../../../arm-none-eabi/lib/thumb/v8-m.main+fp/softfp/libg.a(libc_a-memcpy.o)
                              CMakeFiles/my_project.dir/home/jjy2026/pico/pico-sdk/src/common/pico_util/queue.c.o (memcpy)
/usr/lib/gcc/arm-none-eabi/13.2.1/../../../arm-none-eabi/lib/thumb/v8-m.main+fp/softfp/libg.a(libc_a-sysconf.o)
                              /usr/lib/gcc/arm-none-eabi/13.2.1/../../../arm-none-eabi/lib/thumb/v8-m.main+fp/softfp/libg.a(libc_a-mallocr.o) (sysconf)
/usr/lib/gcc/arm-none-eabi/13.2.1/../../../arm-none-eabi/lib/thumb/v8-m.main+fp/softfp/libg.a(libc_a-init.o)
                              /usr/lib/gcc/arm-none-eabi/13.2.1/../../../arm-none-eabi/lib/thumb/v8-m.main+fp/softfp/crt0.o (__libc_init_array)
[...]
Memory Configuration

Name             Origin             Length             Attributes
FLASH            0x10000000         0x00400000         xr
RAM              0x20000000         0x00080000         xrw
SCRATCH_X        0x20080000         0x00001000         xrw
SCRATCH_Y        0x20081000         0x00001000         xrw
*default*        0x00000000         0xffffffff

Linker script and memory map

LOAD /usr/lib/gcc/arm-none-eabi/13.2.1/thumb/v8-m.main+fp/softfp/crti.o
LOAD /usr/lib/gcc/arm-none-eabi/13.2.1/thumb/v8-m.main+fp/softfp/crtbegin.o
LOAD /usr/lib/gcc/arm-none-eabi/13.2.1/../../../arm-none-eabi/lib/thumb/v8-m.main+fp/softfp/crt0.o

.flash_begin    0x10000000        0x0
                0x10000000                        __flash_binary_start = .

.text           0x10000000     0x43cc
                0x10000000                        __logical_binary_start = .
 *(.vectors)
 .vectors       0x10000000      0x124 CMakeFiles/my_project.dir/home/jjy2026/pico/pico-sdk/src/rp2_common/pico_crt0/crt0.S.o
                0x10000000                __vectors
                0x10000000                __VECTOR_TABLE
                0x10000110                isr_securefault
                0x10000110                isr_irq30
                0x10000110                __unhandled_user_irq
                0x10000110                isr_irq49
                0x10000110                isr_irq13
                0x10000110                isr_irq43
                0x10000110                isr_irq45
                0x10000110                isr_irq27
                0x10000110                isr_irq32
                0x10000110                isr_irq31
                0x10000110                isr_irq5
                0x10000110                isr_irq11
                0x10000110                isr_irq23
                0x10000110                isr_usagefault
                0x10000110                isr_irq48
                0x10000110                isr_irq35
                0x10000110                isr_irq18
                0x10000110                isr_irq50
                0x10000110                isr_irq40
                0x10000110                isr_irq28
                0x10000110                isr_irq19
                0x10000110                isr_irq36
                0x10000110                isr_irq41
                0x10000110                isr_irq0
                0x10000110                isr_irq6
                0x10000110                isr_memmanage
                0x10000110                isr_irq37
                0x10000110                isr_irq42
                0x10000110                isr_irq22
                0x10000110                isr_irq17
                0x10000110                isr_irq38
                0x10000110                isr_irq14
                0x10000110                __vectors_end
                0x10000110                __default_isrs_start
                0x10000110                isr_irq2
                0x10000110                isr_irq10
                0x10000110                isr_irq8
                0x10000110                isr_debugmonitor
                0x10000110                isr_irq24
                0x10000110                isr_irq46
                0x10000110                isr_irq1
                0x10000110                isr_irq47
                0x10000110                isr_irq51
                0x10000110                isr_irq7
                0x10000110                isr_irq21
                0x10000110                isr_irq39
                0x10000110                isr_irq20
                0x10000110                isr_irq15
                0x10000110                isr_irq25
                0x10000110                isr_irq34
                0x10000110                isr_irq4
                0x10000110                isr_busfault
                0x10000110                isr_irq16
                0x10000110                isr_irq44
                0x10000110                isr_irq29
                0x10000110                isr_irq26
                0x10000110                isr_irq33
                0x10000110                isr_irq3
                0x10000110                isr_irq12
                0x10000110                isr_irq9
                0x10000116                unhandled_user_irq_num_in_r0
                0x10000118                isr_invalid
                0x1000011a                isr_nmi
                0x1000011c                isr_hardfault
                0x1000011e                isr_svcall
                0x10000120                isr_pendsv
                0x10000122                isr_systick
                0x10000124                __default_isrs_end
 *(.binary_info_header)
 .binary_info_header
                0x10000124       0x14 CMakeFiles/my_project.dir/home/jjy2026/pico/pico-sdk/src/rp2_common/pico_crt0/crt0.S.o
                0x10000138                        __binary_info_header_end = .
 *(.embedded_block)
 .embedded_block
                0x10000138       0x14 CMakeFiles/my_project.dir/home/jjy2026/pico/pico-sdk/src/rp2_common/pico_crt0/crt0.S.o
                0x1000014c                        __embedded_block_end = .
 *(.reset)
 .reset         0x1000014c       0x98 CMakeFiles/my_project.dir/home/jjy2026/pico/pico-sdk/src/rp2_common/pico_crt0/crt0.S.o
                0x1000014c                _entry_point
 *(.init)
 .init          0x100001e4        0x4 /usr/lib/gcc/arm-none-eabi/13.2.1/thumb/v8-m.main+fp/softfp/crti.o
                0x100001e4                _init
 *libgcc.a:cmse_nonsecure_call.o()
 *(EXCLUDE_FILE(*libm.a: *libc.a:*lib_a-mem*.o *libgcc.a:) .text*)
 .text          0x100001e8       0x8c /usr/lib/gcc/arm-none-eabi/13.2.1/thumb/v8-m.main+fp/softfp/crtbegin.o
 .text.startup.main
                0x10000274       0x50 CMakeFiles/my_project.dir/picomoter.c.o
                0x10000274                main
 .text.gpio_set_function
                0x100002c4       0x3c CMakeFiles/my_project.dir/home/jjy2026/pico/pico-sdk/src/rp2_common/hardware_gpio/gpio.c.o
                0x100002c4                gpio_set_function
 .text.panic    0x10000300       0x30 CMakeFiles/my_project.dir/home/jjy2026/pico/pico-sdk/src/rp2_common/pico_platform_panic/panic.c.o
                0x10000300                panic
 .text.hw_claim_or_assert
                0x10000330       0x58 CMakeFiles/my_project.dir/home/jjy2026/pico/pico-sdk/src/common/hardware_claim/claim.c.o
                0x10000330                hw_claim_or_assert
 .text.hw_claim_unused_from_range
                0x10000388       0x9c CMakeFiles/my_project.dir/home/jjy2026/pico/pico-sdk/src/common/hardware_claim/claim.c.o
                0x10000388                hw_claim_unused_from_range
 .text.next_striped_spin_lock_num
                0x10000424       0x18 CMakeFiles/my_project.dir/home/jjy2026/pico/pico-sdk/src/rp2_common/hardware_sync/sync.c.o
                0x10000424                next_striped_spin_lock_num
 .text.spin_lock_claim_unused
                0x1000043c       0x20 CMakeFiles/my_project.dir/home/jjy2026/pico/pico-sdk/src/rp2_common/hardware_sync/sync.c.o
                0x1000043c                spin_lock_claim_unused
 .text.spinlock_set_extexclall
                0x1000045c       0x10 CMakeFiles/my_project.dir/home/jjy2026/pico/pico-sdk/src/rp2_common/hardware_sync_spin_lock/sync_spin_lock.c.o
 .text.spin_locks_reset
                0x1000046c       0x18 CMakeFiles/my_project.dir/home/jjy2026/pico/pico-sdk/src/rp2_common/hardware_sync_spin_lock/sync_spin_lock.c.o
                0x1000046c                spin_locks_reset
 .text.runtime_init_per_core_irq_priorities
                0x10000484       0x40 CMakeFiles/my_project.dir/home/jjy2026/pico/pico-sdk/src/rp2_common/hardware_irq/irq.c.o
                0x10000484                runtime_init_per_core_irq_priorities
 .text.irq_set_enabled
                0x100004c4       0x2c CMakeFiles/my_project.dir/home/jjy2026/pico/pico-sdk/src/rp2_common/hardware_irq/irq.c.o
                0x100004c4                irq_set_enabled
 .text.irq_is_enabled
                0x100004f0       0x20 CMakeFiles/my_project.dir/home/jjy2026/pico/pico-sdk/src/rp2_common/hardware_irq/irq.c.o
                0x100004f0                irq_is_enabled
 .text.irq_set_pending
                0x10000510       0x18 CMakeFiles/my_project.dir/home/jjy2026/pico/pico-sdk/src/rp2_common/hardware_irq/irq.c.o
                0x10000510                irq_set_pending
 .text.irq_has_shared_handler
                0x10000528       0x20 CMakeFiles/my_project.dir/home/jjy2026/pico/pico-sdk/src/rp2_common/hardware_irq/irq.c.o
                0x10000528                irq_has_shared_handler
 .text.irq_set_exclusive_handler
                0x10000548       0x60 CMakeFiles/my_project.dir/home/jjy2026/pico/pico-sdk/src/rp2_common/hardware_irq/irq.c.o
                0x10000548                irq_set_exclusive_handler
 .text.irq_add_shared_handler
                0x100005a8      0x1e8 CMakeFiles/my_project.dir/home/jjy2026/pico/pico-sdk/src/rp2_common/hardware_irq/irq.c.o
                0x100005a8                irq_add_shared_handler
 .text.irq_add_tail_to_free_list
                0x10000790       0xbc CMakeFiles/my_project.dir/home/jjy2026/pico/pico-sdk/src/rp2_common/hardware_irq/irq.c.o
                0x10000790                irq_add_tail_to_free_list
 .text.user_irq_claim_unused
                0x1000084c       0x28 CMakeFiles/my_project.dir/home/jjy2026/pico/pico-sdk/src/rp2_common/hardware_irq/irq.c.o
                0x1000084c                user_irq_claim_unused
 .text.lock_init
                0x10000874        0xc CMakeFiles/my_project.dir/home/jjy2026/pico/pico-sdk/src/common/pico_sync/lock_core.c.o
                0x10000874                lock_init
 .text.runtime_init_mutex
                0x10000880       0x4c CMakeFiles/my_project.dir/home/jjy2026/pico/pico-sdk/src/common/pico_sync/mutex.c.o
                0x10000880                runtime_init_mutex
 .text.mutex_init
                0x100008cc       0x1c CMakeFiles/my_project.dir/home/jjy2026/pico/pico-sdk/src/common/pico_sync/mutex.c.o
                0x100008cc                mutex_init
 .text.critical_section_init
                0x100008e8       0x1c CMakeFiles/my_project.dir/home/jjy2026/pico/pico-sdk/src/common/pico_sync/critical_section.c.o
                0x100008e8                critical_section_init
 .text.critical_section_init_with_lock_num
                0x10000904       0x10 CMakeFiles/my_project.dir/home/jjy2026/pico/pico-sdk/src/common/pico_sync/critical_section.c.o
                0x10000904                critical_section_init_with_lock_num
 .text.sleep_until_callback
                0x10000914       0x3c CMakeFiles/my_project.dir/home/jjy2026/pico/pico-sdk/src/common/pico_time/time.c.o
 .text.alarm_pool_irq_handler
                0x10000950      0x2f0 CMakeFiles/my_project.dir/home/jjy2026/pico/pico-sdk/src/common/pico_time/time.c.o
 .text.runtime_init_default_alarm_pool
                0x10000c40      0x100 CMakeFiles/my_project.dir/home/jjy2026/pico/pico-sdk/src/common/pico_time/time.c.o
                0x10000c40                runtime_init_default_alarm_pool
 .text.alarm_pool_get_default
                0x10000d40        0x8 CMakeFiles/my_project.dir/home/jjy2026/pico/pico-sdk/src/common/pico_time/time.c.o
                0x10000d40                alarm_pool_get_default
 .text.alarm_pool_add_alarm_at
                0x10000d48       0xdc CMakeFiles/my_project.dir/home/jjy2026/pico/pico-sdk/src/common/pico_time/time.c.o
                0x10000d48                alarm_pool_add_alarm_at
 .text.alarm_pool_add_alarm_at_force_in_context
                0x10000e24       0xc8 CMakeFiles/my_project.dir/home/jjy2026/pico/pico-sdk/src/common/pico_time/time.c.o
                0x10000e24                alarm_pool_add_alarm_at_force_in_context
 .text.alarm_pool_cancel_alarm
                0x10000eec       0x80 CMakeFiles/my_project.dir/home/jjy2026/pico/pico-sdk/src/common/pico_time/time.c.o
                0x10000eec                alarm_pool_cancel_alarm
 .text.alarm_pool_core_num
                0x10000f6c        0x4 CMakeFiles/my_project.dir/home/jjy2026/pico/pico-sdk/src/common/pico_time/time.c.o
                0x10000f6c                alarm_pool_core_num
 .text.sleep_until
                0x10000f70       0xbc CMakeFiles/my_project.dir/home/jjy2026/pico/pico-sdk/src/common/pico_time/time.c.o
                0x10000f70                sleep_until
 .text.sleep_ms
                0x1000102c       0x2c CMakeFiles/my_project.dir/home/jjy2026/pico/pico-sdk/src/common/pico_time/time.c.o
                0x1000102c                sleep_ms
 .text.best_effort_wfe_or_timeout
                0x10001058       0xbc CMakeFiles/my_project.dir/home/jjy2026/pico/pico-sdk/src/common/pico_time/time.c.o
                0x10001058                best_effort_wfe_or_timeout
 .text.timer_hardware_alarm_claim
                0x10001114       0x24 CMakeFiles/my_project.dir/home/jjy2026/pico/pico-sdk/src/rp2_common/hardware_timer/timer.c.o
                0x10001114                timer_hardware_alarm_claim
 .text.timer_time_us_64
                0x10001138       0x10 CMakeFiles/my_project.dir/home/jjy2026/pico/pico-sdk/src/rp2_common/hardware_timer/timer.c.o
                0x10001138                timer_time_us_64
 .text.time_us_64
                0x10001148       0x14 CMakeFiles/my_project.dir/home/jjy2026/pico/pico-sdk/src/rp2_common/hardware_timer/timer.c.o
                0x10001148                time_us_64
 .text.busy_wait_until
                0x1000115c       0x24 CMakeFiles/my_project.dir/home/jjy2026/pico/pico-sdk/src/rp2_common/hardware_timer/timer.c.o
                0x1000115c                busy_wait_until
 .text.clock_configure_undivided
                0x10001180       0xd0 CMakeFiles/my_project.dir/home/jjy2026/pico/pico-sdk/src/rp2_common/hardware_clocks/clocks.c.o
                0x10001180                clock_configure_undivided
 .text.clock_get_hz
                0x10001250        0xc CMakeFiles/my_project.dir/home/jjy2026/pico/pico-sdk/src/rp2_common/hardware_clocks/clocks.c.o
                0x10001250                clock_get_hz
 .text.pll_init
                0x1000125c       0x8c CMakeFiles/my_project.dir/home/jjy2026/pico/pico-sdk/src/rp2_common/hardware_pll/pll.c.o
                0x1000125c                pll_init
 .text.watchdog_reboot
                0x100012e8       0x98 CMakeFiles/my_project.dir/home/jjy2026/pico/pico-sdk/src/rp2_common/hardware_watchdog/watchdog.c.o
                0x100012e8                watchdog_reboot
 .text.tick_start
                0x10001380       0x18 CMakeFiles/my_project.dir/home/jjy2026/pico/pico-sdk/src/rp2_common/hardware_ticks/ticks.c.o
                0x10001380                tick_start
 .text.rom_reboot.constprop.0.isra.0
                0x10001398       0x34 CMakeFiles/my_project.dir/home/jjy2026/pico/pico-sdk/src/rp2_common/pico_bootrom/bootrom.c.o
 .text.rom_func_lookup
                0x100013cc       0x18 CMakeFiles/my_project.dir/home/jjy2026/pico/pico-sdk/src/rp2_common/pico_bootrom/bootrom.c.o
                0x100013cc                rom_func_lookup
 .text.rom_reset_usb_boot_extra
                0x100013e4       0x1c CMakeFiles/my_project.dir/home/jjy2026/pico/pico-sdk/src/rp2_common/pico_bootrom/bootrom.c.o
                0x100013e4                rom_reset_usb_boot_extra
 .text.runtime_init_bootrom_locking_enable
                0x10001400       0x14 CMakeFiles/my_project.dir/home/jjy2026/pico/pico-sdk/src/rp2_common/pico_bootrom/bootrom_lock.c.o
                0x10001400                runtime_init_bootrom_locking_enable
 .text.runtime_init_boot_locks_reset
                0x10001414       0x1c CMakeFiles/my_project.dir/home/jjy2026/pico/pico-sdk/src/rp2_common/hardware_boot_lock/boot_lock.c.o
                0x10001414                runtime_init_boot_locks_reset
 .text.xosc_init
                0x10001430       0x30 CMakeFiles/my_project.dir/home/jjy2026/pico/pico-sdk/src/rp2_common/hardware_xosc/xosc.c.o
                0x10001430                xosc_init
 .text.first_per_core_initializer
                0x10001460        0x4 CMakeFiles/my_project.dir/home/jjy2026/pico/pico-sdk/src/rp2_common/pico_runtime/runtime.c.o
 .text.hard_assertion_failure
                0x10001464        0xc CMakeFiles/my_project.dir/home/jjy2026/pico/pico-sdk/src/rp2_common/pico_runtime/runtime.c.o
                0x10001464                hard_assertion_failure
 .text.runtime_run_initializers
                0x10001470       0x20 CMakeFiles/my_project.dir/home/jjy2026/pico/pico-sdk/src/rp2_common/pico_runtime/runtime.c.o
                0x10001470                runtime_run_initializers
 .text.runtime_init_early_resets
                0x10001490       0x34 CMakeFiles/my_project.dir/home/jjy2026/pico/pico-sdk/src/rp2_common/pico_runtime_init/runtime_init.c.o
                0x10001490                runtime_init_early_resets
 .text.runtime_init_usb_power_down
                0x100014c4       0x1c CMakeFiles/my_project.dir/home/jjy2026/pico/pico-sdk/src/rp2_common/pico_runtime_init/runtime_init.c.o
                0x100014c4                runtime_init_usb_power_down
 .text.runtime_init_per_core_enable_coprocessors
                0x100014e0       0x1c CMakeFiles/my_project.dir/home/jjy2026/pico/pico-sdk/src/rp2_common/pico_runtime_init/runtime_init.c.o
                0x100014e0                runtime_init_per_core_enable_coprocessors
 .text.runtime_init_post_clock_resets
                0x100014fc       0x20 CMakeFiles/my_project.dir/home/jjy2026/pico/pico-sdk/src/rp2_common/pico_runtime_init/runtime_init.c.o
                0x100014fc                runtime_init_post_clock_resets
 .text.runtime_init_bootrom_reset
                0x1000151c       0x14 CMakeFiles/my_project.dir/home/jjy2026/pico/pico-sdk/src/rp2_common/pico_runtime_init/runtime_init.c.o
                0x1000151c                runtime_init_bootrom_reset
 .text.runtime_init_per_core_bootrom_reset
                0x10001530       0x14 CMakeFiles/my_project.dir/home/jjy2026/pico/pico-sdk/src/rp2_common/pico_runtime_init/runtime_init.c.o
                0x10001530                runtime_init_per_core_bootrom_reset
 .text.runtime_init_spin_locks_reset
                0x10001544        0x4 CMakeFiles/my_project.dir/home/jjy2026/pico/pico-sdk/src/rp2_common/pico_runtime_init/runtime_init.c.o
                0x10001544                runtime_init_spin_locks_reset
 .text.runtime_init_install_ram_vector_table
                0x10001548       0x68 CMakeFiles/my_project.dir/home/jjy2026/pico/pico-sdk/src/rp2_common/pico_runtime_init/runtime_init.c.o
                0x10001548                runtime_init_install_ram_vector_table
 .text.runtime_init_clocks
                0x100015b0       0xdc CMakeFiles/my_project.dir/home/jjy2026/pico/pico-sdk/src/rp2_common/pico_runtime_init/runtime_init_clocks.c.o
                0x100015b0                runtime_init_clocks
 .text._out_char
                0x1000168c        0x8 CMakeFiles/my_project.dir/home/jjy2026/pico/pico-sdk/src/rp2_common/pico_printf/printf.c.o
 .text.weak_raw_vprintf
                0x10001694       0x30 CMakeFiles/my_project.dir/home/jjy2026/pico/pico-sdk/src/rp2_common/pico_printf/printf.c.o
                0x10001694                weak_raw_vprintf
 .text._exit    0x100016c4        0x4 CMakeFiles/my_project.dir/home/jjy2026/pico/pico-sdk/src/rp2_common/pico_clib_interface/newlib_interface.c.o
                0x100016c4                _exit
 .text.exit     0x100016c8        0x8 CMakeFiles/my_project.dir/home/jjy2026/pico/pico-sdk/src/rp2_common/pico_clib_interface/newlib_interface.c.o
                0x100016c8                exit
 .text.runtime_init
                0x100016d0       0x24 CMakeFiles/my_project.dir/home/jjy2026/pico/pico-sdk/src/rp2_common/pico_clib_interface/newlib_interface.c.o
                0x100016d0                runtime_init
 .text.stdio_out_chars_no_crlf
                0x100016f4        0x8 CMakeFiles/my_project.dir/home/jjy2026/pico/pico-sdk/src/rp2_common/pico_stdio/stdio.c.o
 .text.stdio_out_chars_crlf
                0x100016fc       0xac CMakeFiles/my_project.dir/home/jjy2026/pico/pico-sdk/src/rp2_common/pico_stdio/stdio.c.o
 .text.stdio_put_string
                0x100017a8       0xf0 CMakeFiles/my_project.dir/home/jjy2026/pico/pico-sdk/src/rp2_common/pico_stdio/stdio.c.o
                0x100017a8                stdio_put_string
 .text.stdio_set_driver_enabled
                0x10001898       0x30 CMakeFiles/my_project.dir/home/jjy2026/pico/pico-sdk/src/rp2_common/pico_stdio/stdio.c.o
                0x10001898                stdio_set_driver_enabled
 .text.stdio_init_all
                0x100018c8        0x4 CMakeFiles/my_project.dir/home/jjy2026/pico/pico-sdk/src/rp2_common/pico_stdio/stdio.c.o
                0x100018c8                stdio_init_all
 .text.__wrap_putchar
                0x100018cc       0x84 CMakeFiles/my_project.dir/home/jjy2026/pico/pico-sdk/src/rp2_common/pico_stdio/stdio.c.o
                0x100018cc                stdio_putchar
                0x100018cc                __wrap_putchar
 .text.__wrap_puts
                0x10001950       0x3c CMakeFiles/my_project.dir/home/jjy2026/pico/pico-sdk/src/rp2_common/pico_stdio/stdio.c.o
                0x10001950                __wrap_puts
                0x10001950                stdio_puts
 .text.resetd_init
                0x1000198c        0x4 CMakeFiles/my_project.dir/home/jjy2026/pico/pico-sdk/src/rp2_common/pico_stdio_usb/reset_interface.c.o
 .text.resetd_reset
                0x10001990        0xc CMakeFiles/my_project.dir/home/jjy2026/pico/pico-sdk/src/rp2_common/pico_stdio_usb/reset_interface.c.o
 .text.resetd_open
                0x1000199c       0x28 CMakeFiles/my_project.dir/home/jjy2026/pico/pico-sdk/src/rp2_common/pico_stdio_usb/reset_interface.c.o
 .text.resetd_xfer_cb
                0x100019c4        0x4 CMakeFiles/my_project.dir/home/jjy2026/pico/pico-sdk/src/rp2_common/pico_stdio_usb/reset_interface.c.o
 .text.resetd_control_xfer_cb
                0x100019c8       0x50 CMakeFiles/my_project.dir/home/jjy2026/pico/pico-sdk/src/rp2_common/pico_stdio_usb/reset_interface.c.o
 .text.tud_descriptor_bos_cb
                0x10001a18        0x8 CMakeFiles/my_project.dir/home/jjy2026/pico/pico-sdk/src/rp2_common/pico_stdio_usb/reset_interface.c.o
                0x10001a18                tud_descriptor_bos_cb
 .text.tud_vendor_control_xfer_cb
                0x10001a20       0x28 CMakeFiles/my_project.dir/home/jjy2026/pico/pico-sdk/src/rp2_common/pico_stdio_usb/reset_interface.c.o
                0x10001a20                tud_vendor_control_xfer_cb
 .text.usbd_app_driver_get_cb
                0x10001a48       0x10 CMakeFiles/my_project.dir/home/jjy2026/pico/pico-sdk/src/rp2_common/pico_stdio_usb/reset_interface.c.o
                0x10001a48                usbd_app_driver_get_cb
 .text.tud_cdc_line_coding_cb
                0x10001a58       0x18 CMakeFiles/my_project.dir/home/jjy2026/pico/pico-sdk/src/rp2_common/pico_stdio_usb/reset_interface.c.o
                0x10001a58                tud_cdc_line_coding_cb
 .text.stdio_usb_set_chars_available_callback
                0x10001a70       0x14 CMakeFiles/my_project.dir/home/jjy2026/pico/pico-sdk/src/rp2_common/pico_stdio_usb/stdio_usb.c.o
                0x10001a70                stdio_usb_set_chars_available_callback
 .text.timer_task
                0x10001a84       0x70 CMakeFiles/my_project.dir/home/jjy2026/pico/pico-sdk/src/rp2_common/pico_stdio_usb/stdio_usb.c.o
 .text.usb_irq  0x10001af4        0xc CMakeFiles/my_project.dir/home/jjy2026/pico/pico-sdk/src/rp2_common/pico_stdio_usb/stdio_usb.c.o
 .text.stdio_usb_in_chars
                0x10001b00       0x88 CMakeFiles/my_project.dir/home/jjy2026/pico/pico-sdk/src/rp2_common/pico_stdio_usb/stdio_usb.c.o
                0x10001b00                stdio_usb_in_chars
 .text.stdio_usb_out_flush
                0x10001b88       0x54 CMakeFiles/my_project.dir/home/jjy2026/pico/pico-sdk/src/rp2_common/pico_stdio_usb/stdio_usb.c.o
 .text.stdio_usb_out_chars
                0x10001bdc       0xf4 CMakeFiles/my_project.dir/home/jjy2026/pico/pico-sdk/src/rp2_common/pico_stdio_usb/stdio_usb.c.o
 .text.low_priority_worker_irq
                0x10001cd0       0xd8 CMakeFiles/my_project.dir/home/jjy2026/pico/pico-sdk/src/rp2_common/pico_stdio_usb/stdio_usb.c.o
 .text.stdio_usb_init
                0x10001da8       0xe8 CMakeFiles/my_project.dir/home/jjy2026/pico/pico-sdk/src/rp2_common/pico_stdio_usb/stdio_usb.c.o
                0x10001da8                stdio_usb_init
 .text.tud_descriptor_device_cb
                0x10001e90        0x8 CMakeFiles/my_project.dir/home/jjy2026/pico/pico-sdk/src/rp2_common/pico_stdio_usb/stdio_usb_descriptors.c.o
                0x10001e90                tud_descriptor_device_cb
 .text.tud_descriptor_configuration_cb
                0x10001e98        0x8 CMakeFiles/my_project.dir/home/jjy2026/pico/pico-sdk/src/rp2_common/pico_stdio_usb/stdio_usb_descriptors.c.o
                0x10001e98                tud_descriptor_configuration_cb
 .text.tud_descriptor_string_cb
                0x10001ea0       0x70 CMakeFiles/my_project.dir/home/jjy2026/pico/pico-sdk/src/rp2_common/pico_stdio_usb/stdio_usb_descriptors.c.o
                0x10001ea0                tud_descriptor_string_cb
 .text.startup._retrieve_unique_id_on_boot
                0x10001f10       0x30 CMakeFiles/my_project.dir/home/jjy2026/pico/pico-sdk/src/rp2_common/pico_unique_id/unique_id.c.o
 .text.pico_get_unique_board_id_string
                0x10001f40      0x184 CMakeFiles/my_project.dir/home/jjy2026/pico/pico-sdk/src/rp2_common/pico_unique_id/unique_id.c.o
                0x10001f40                pico_get_unique_board_id_string
 .text.dcd_init
                0x100020c4       0x90 CMakeFiles/my_project.dir/home/jjy2026/pico/pico-sdk/lib/tinyusb/src/portable/raspberrypi/rp2040/dcd_rp2040.c.o
                0x100020c4                dcd_init
 .text.dcd_int_enable
                0x10002154        0x8 CMakeFiles/my_project.dir/home/jjy2026/pico/pico-sdk/lib/tinyusb/src/portable/raspberrypi/rp2040/dcd_rp2040.c.o
                0x10002154                dcd_int_enable
 .text.dcd_set_address
                0x1000215c       0x10 CMakeFiles/my_project.dir/home/jjy2026/pico/pico-sdk/lib/tinyusb/src/portable/raspberrypi/rp2040/dcd_rp2040.c.o
                0x1000215c                dcd_set_address
 .text.dcd_sof_enable
                0x1000216c       0x1c CMakeFiles/my_project.dir/home/jjy2026/pico/pico-sdk/lib/tinyusb/src/portable/raspberrypi/rp2040/dcd_rp2040.c.o
                0x1000216c                dcd_sof_enable
 .text.dcd_edpt0_status_complete
                0x10002188       0x1c CMakeFiles/my_project.dir/home/jjy2026/pico/pico-sdk/lib/tinyusb/src/portable/raspberrypi/rp2040/dcd_rp2040.c.o
                0x10002188                dcd_edpt0_status_complete
 .text.dcd_edpt_open
                0x100021a4      0x108 CMakeFiles/my_project.dir/home/jjy2026/pico/pico-sdk/lib/tinyusb/src/portable/raspberrypi/rp2040/dcd_rp2040.c.o
                0x100021a4                dcd_edpt_open
 .text.dcd_edpt_close_all
                0x100022ac        0x4 CMakeFiles/my_project.dir/home/jjy2026/pico/pico-sdk/lib/tinyusb/src/portable/raspberrypi/rp2040/dcd_rp2040.c.o
                0x100022ac                dcd_edpt_close_all
 .text.dcd_edpt_xfer
                0x100022b0       0x28 CMakeFiles/my_project.dir/home/jjy2026/pico/pico-sdk/lib/tinyusb/src/portable/raspberrypi/rp2040/dcd_rp2040.c.o
                0x100022b0                dcd_edpt_xfer
 .text.dcd_edpt_stall
                0x100022d8       0x2c CMakeFiles/my_project.dir/home/jjy2026/pico/pico-sdk/lib/tinyusb/src/portable/raspberrypi/rp2040/dcd_rp2040.c.o
                0x100022d8                dcd_edpt_stall
 .text.dcd_edpt_clear_stall
                0x10002304       0x2c CMakeFiles/my_project.dir/home/jjy2026/pico/pico-sdk/lib/tinyusb/src/portable/raspberrypi/rp2040/dcd_rp2040.c.o
                0x10002304                dcd_edpt_clear_stall
 .text.rp2040_usb_init
                0x10002330       0x40 CMakeFiles/my_project.dir/home/jjy2026/pico/pico-sdk/lib/tinyusb/src/portable/raspberrypi/rp2040/rp2040_usb.c.o
                0x10002330                rp2040_usb_init
 .text.hw_endpoint_xfer_start
                0x10002370       0x40 CMakeFiles/my_project.dir/home/jjy2026/pico/pico-sdk/lib/tinyusb/src/portable/raspberrypi/rp2040/rp2040_usb.c.o
                0x10002370                hw_endpoint_xfer_start
 .text.configuration_reset
                0x100023b0       0x8c CMakeFiles/my_project.dir/home/jjy2026/pico/pico-sdk/lib/tinyusb/src/device/usbd.c.o
 .text.tud_event_hook_cb
                0x1000243c        0x4 CMakeFiles/my_project.dir/home/jjy2026/pico/pico-sdk/lib/tinyusb/src/device/usbd.c.o
                0x1000243c                tud_event_hook_cb
 .text.tud_sof_cb
                0x10002440        0x4 CMakeFiles/my_project.dir/home/jjy2026/pico/pico-sdk/lib/tinyusb/src/device/usbd.c.o
                0x10002440                tud_sof_cb
 .text.tud_descriptor_device_qualifier_cb
                0x10002444        0x4 CMakeFiles/my_project.dir/home/jjy2026/pico/pico-sdk/lib/tinyusb/src/device/usbd.c.o
                0x10002444                tud_descriptor_device_qualifier_cb
 .text.tud_descriptor_other_speed_configuration_cb
                0x10002448        0x4 CMakeFiles/my_project.dir/home/jjy2026/pico/pico-sdk/lib/tinyusb/src/device/usbd.c.o
                0x10002448                tud_descriptor_other_speed_configuration_cb
 .text.tud_mount_cb
                0x1000244c        0x4 CMakeFiles/my_project.dir/home/jjy2026/pico/pico-sdk/lib/tinyusb/src/device/usbd.c.o
                0x1000244c                tud_mount_cb
 .text.tud_umount_cb
                0x10002450        0x4 CMakeFiles/my_project.dir/home/jjy2026/pico/pico-sdk/lib/tinyusb/src/device/usbd.c.o
                0x10002450                tud_umount_cb
 .text.tud_suspend_cb
                0x10002454        0x4 CMakeFiles/my_project.dir/home/jjy2026/pico/pico-sdk/lib/tinyusb/src/device/usbd.c.o
                0x10002454                tud_suspend_cb
 .text.tud_resume_cb
                0x10002458        0x4 CMakeFiles/my_project.dir/home/jjy2026/pico/pico-sdk/lib/tinyusb/src/device/usbd.c.o
                0x10002458                tud_resume_cb
 .text.tud_mounted
                0x1000245c       0x10 CMakeFiles/my_project.dir/home/jjy2026/pico/pico-sdk/lib/tinyusb/src/device/usbd.c.o
                0x1000245c                tud_mounted
 .text.tud_suspended
                0x1000246c       0x10 CMakeFiles/my_project.dir/home/jjy2026/pico/pico-sdk/lib/tinyusb/src/device/usbd.c.o
                0x1000246c                tud_suspended
 .text.tud_rhport_init
                0x1000247c       0xf8 CMakeFiles/my_project.dir/home/jjy2026/pico/pico-sdk/lib/tinyusb/src/device/usbd.c.o
                0x1000247c                tud_rhport_init
 .text.tud_task_ext
                0x10002574      0x784 CMakeFiles/my_project.dir/home/jjy2026/pico/pico-sdk/lib/tinyusb/src/device/usbd.c.o
                0x10002574                tud_task_ext
 .text.usbd_open_edpt_pair
                0x10002cf8       0x9c CMakeFiles/my_project.dir/home/jjy2026/pico/pico-sdk/lib/tinyusb/src/device/usbd.c.o
                0x10002cf8                usbd_open_edpt_pair
 .text.usbd_edpt_open
                0x10002d94       0x44 CMakeFiles/my_project.dir/home/jjy2026/pico/pico-sdk/lib/tinyusb/src/device/usbd.c.o
                0x10002d94                usbd_edpt_open
 .text.usbd_edpt_claim
                0x10002dd8       0x24 CMakeFiles/my_project.dir/home/jjy2026/pico/pico-sdk/lib/tinyusb/src/device/usbd.c.o
                0x10002dd8                usbd_edpt_claim
 .text.usbd_edpt_release
                0x10002dfc       0x24 CMakeFiles/my_project.dir/home/jjy2026/pico/pico-sdk/lib/tinyusb/src/device/usbd.c.o
                0x10002dfc                usbd_edpt_release
 .text.usbd_edpt_xfer
                0x10002e20       0x70 CMakeFiles/my_project.dir/home/jjy2026/pico/pico-sdk/lib/tinyusb/src/device/usbd.c.o
                0x10002e20                usbd_edpt_xfer
 .text.tud_control_status
                0x10002e90       0x34 CMakeFiles/my_project.dir/home/jjy2026/pico/pico-sdk/lib/tinyusb/src/device/usbd_control.c.o
                0x10002e90                tud_control_status
 .text.tud_control_xfer
                0x10002ec4       0xac CMakeFiles/my_project.dir/home/jjy2026/pico/pico-sdk/lib/tinyusb/src/device/usbd_control.c.o
                0x10002ec4                tud_control_xfer
 .text.usbd_control_reset
                0x10002f70       0x14 CMakeFiles/my_project.dir/home/jjy2026/pico/pico-sdk/lib/tinyusb/src/device/usbd_control.c.o
                0x10002f70                usbd_control_reset
 .text.usbd_control_set_complete_callback
                0x10002f84        0xc CMakeFiles/my_project.dir/home/jjy2026/pico/pico-sdk/lib/tinyusb/src/device/usbd_control.c.o
                0x10002f84                usbd_control_set_complete_callback
 .text.usbd_control_set_request
                0x10002f90       0x1c CMakeFiles/my_project.dir/home/jjy2026/pico/pico-sdk/lib/tinyusb/src/device/usbd_control.c.o
                0x10002f90                usbd_control_set_request
 .text.usbd_control_xfer_cb
                0x10002fac       0xfc CMakeFiles/my_project.dir/home/jjy2026/pico/pico-sdk/lib/tinyusb/src/device/usbd_control.c.o
                0x10002fac                usbd_control_xfer_cb
 .text._prep_out_transaction.isra.0
                0x100030a8       0x74 CMakeFiles/my_project.dir/home/jjy2026/pico/pico-sdk/lib/tinyusb/src/class/cdc/cdc_device.c.o
 .text.tud_cdc_n_connected
                0x1000311c       0x2c CMakeFiles/my_project.dir/home/jjy2026/pico/pico-sdk/lib/tinyusb/src/class/cdc/cdc_device.c.o
                0x1000311c                tud_cdc_n_connected
 .text.tud_cdc_n_available
                0x10003148       0x18 CMakeFiles/my_project.dir/home/jjy2026/pico/pico-sdk/lib/tinyusb/src/class/cdc/cdc_device.c.o
                0x10003148                tud_cdc_n_available
 .text.tud_cdc_n_read
                0x10003160       0x8c CMakeFiles/my_project.dir/home/jjy2026/pico/pico-sdk/lib/tinyusb/src/class/cdc/cdc_device.c.o
                0x10003160                tud_cdc_n_read
 .text.tud_cdc_n_write_flush
                0x100031ec       0x8c CMakeFiles/my_project.dir/home/jjy2026/pico/pico-sdk/lib/tinyusb/src/class/cdc/cdc_device.c.o
                0x100031ec                tud_cdc_n_write_flush
 .text.tud_cdc_n_write
                0x10003278       0x44 CMakeFiles/my_project.dir/home/jjy2026/pico/pico-sdk/lib/tinyusb/src/class/cdc/cdc_device.c.o
                0x10003278                tud_cdc_n_write
 .text.tud_cdc_n_write_available
                0x100032bc       0x18 CMakeFiles/my_project.dir/home/jjy2026/pico/pico-sdk/lib/tinyusb/src/class/cdc/cdc_device.c.o
                0x100032bc                tud_cdc_n_write_available
 .text.cdcd_init
                0x100032d4       0x70 CMakeFiles/my_project.dir/home/jjy2026/pico/pico-sdk/lib/tinyusb/src/class/cdc/cdc_device.c.o
                0x100032d4                cdcd_init
 .text.cdcd_deinit
                0x10003344       0x2c CMakeFiles/my_project.dir/home/jjy2026/pico/pico-sdk/lib/tinyusb/src/class/cdc/cdc_device.c.o
                0x10003344                cdcd_deinit
 .text.cdcd_reset
                0x10003370       0x4c CMakeFiles/my_project.dir/home/jjy2026/pico/pico-sdk/lib/tinyusb/src/class/cdc/cdc_device.c.o
                0x10003370                cdcd_reset
 .text.cdcd_open
                0x100033bc       0xbc CMakeFiles/my_project.dir/home/jjy2026/pico/pico-sdk/lib/tinyusb/src/class/cdc/cdc_device.c.o
                0x100033bc                cdcd_open
 .text.cdcd_control_xfer_cb
                0x10003478       0xc0 CMakeFiles/my_project.dir/home/jjy2026/pico/pico-sdk/lib/tinyusb/src/class/cdc/cdc_device.c.o
                0x10003478                cdcd_control_xfer_cb
 .text.cdcd_xfer_cb
                0x10003538       0xfc CMakeFiles/my_project.dir/home/jjy2026/pico/pico-sdk/lib/tinyusb/src/class/cdc/cdc_device.c.o
                0x10003538                cdcd_xfer_cb
 .text.vendord_init
                0x10003634       0x5c CMakeFiles/my_project.dir/home/jjy2026/pico/pico-sdk/lib/tinyusb/src/class/vendor/vendor_device.c.o
                0x10003634                vendord_init
 .text.vendord_deinit
                0x10003690       0x1c CMakeFiles/my_project.dir/home/jjy2026/pico/pico-sdk/lib/tinyusb/src/class/vendor/vendor_device.c.o
                0x10003690                vendord_deinit
 .text.vendord_reset
                0x100036ac       0x24 CMakeFiles/my_project.dir/home/jjy2026/pico/pico-sdk/lib/tinyusb/src/class/vendor/vendor_device.c.o
                0x100036ac                vendord_reset
 .text.vendord_open
                0x100036d0      0x104 CMakeFiles/my_project.dir/home/jjy2026/pico/pico-sdk/lib/tinyusb/src/class/vendor/vendor_device.c.o
                0x100036d0                vendord_open
 .text.vendord_xfer_cb
                0x100037d4       0x88 CMakeFiles/my_project.dir/home/jjy2026/pico/pico-sdk/lib/tinyusb/src/class/vendor/vendor_device.c.o
                0x100037d4                vendord_xfer_cb
 .text.tusb_rhport_init
                0x1000385c       0x60 CMakeFiles/my_project.dir/home/jjy2026/pico/pico-sdk/lib/tinyusb/src/tusb.c.o
                0x1000385c                tusb_rhport_init
 .text.tu_edpt_claim
                0x100038bc       0x54 CMakeFiles/my_project.dir/home/jjy2026/pico/pico-sdk/lib/tinyusb/src/tusb.c.o
                0x100038bc                tu_edpt_claim
 .text.tu_edpt_release
                0x10003910       0x38 CMakeFiles/my_project.dir/home/jjy2026/pico/pico-sdk/lib/tinyusb/src/tusb.c.o
                0x10003910                tu_edpt_release
 .text.tu_edpt_validate
                0x10003948       0x64 CMakeFiles/my_project.dir/home/jjy2026/pico/pico-sdk/lib/tinyusb/src/tusb.c.o
                0x10003948                tu_edpt_validate
 .text.tu_edpt_bind_driver
                0x100039ac       0x58 CMakeFiles/my_project.dir/home/jjy2026/pico/pico-sdk/lib/tinyusb/src/tusb.c.o
                0x100039ac                tu_edpt_bind_driver
 .text.tu_edpt_stream_init
                0x10003a04       0x58 CMakeFiles/my_project.dir/home/jjy2026/pico/pico-sdk/lib/tinyusb/src/tusb.c.o
                0x10003a04                tu_edpt_stream_init
 .text.tu_edpt_stream_deinit
                0x10003a5c        0x4 CMakeFiles/my_project.dir/home/jjy2026/pico/pico-sdk/lib/tinyusb/src/tusb.c.o
                0x10003a5c                tu_edpt_stream_deinit
 .text.tu_edpt_stream_write_zlp_if_needed
                0x10003a60       0x68 CMakeFiles/my_project.dir/home/jjy2026/pico/pico-sdk/lib/tinyusb/src/tusb.c.o
                0x10003a60                tu_edpt_stream_write_zlp_if_needed
 .text.tu_edpt_stream_write_xfer
                0x10003ac8       0x70 CMakeFiles/my_project.dir/home/jjy2026/pico/pico-sdk/lib/tinyusb/src/tusb.c.o
                0x10003ac8                tu_edpt_stream_write_xfer
 .text.tu_edpt_stream_read_xfer
                0x10003b38       0xd0 CMakeFiles/my_project.dir/home/jjy2026/pico/pico-sdk/lib/tinyusb/src/tusb.c.o
                0x10003b38                tu_edpt_stream_read_xfer
 .text.tu_fifo_config
                0x10003c08       0x60 CMakeFiles/my_project.dir/home/jjy2026/pico/pico-sdk/lib/tinyusb/src/common/tusb_fifo.c.o
                0x10003c08                tu_fifo_config
 .text.tu_fifo_count
                0x10003c68       0x20 CMakeFiles/my_project.dir/home/jjy2026/pico/pico-sdk/lib/tinyusb/src/common/tusb_fifo.c.o
                0x10003c68                tu_fifo_count
 .text.tu_fifo_empty
                0x10003c88       0x14 CMakeFiles/my_project.dir/home/jjy2026/pico/pico-sdk/lib/tinyusb/src/common/tusb_fifo.c.o
                0x10003c88                tu_fifo_empty
 .text.tu_fifo_remaining
                0x10003c9c       0x24 CMakeFiles/my_project.dir/home/jjy2026/pico/pico-sdk/lib/tinyusb/src/common/tusb_fifo.c.o
                0x10003c9c                tu_fifo_remaining
 .text.tu_fifo_read
                0x10003cc0       0x94 CMakeFiles/my_project.dir/home/jjy2026/pico/pico-sdk/lib/tinyusb/src/common/tusb_fifo.c.o
                0x10003cc0                tu_fifo_read
 .text.tu_fifo_read_n
                0x10003d54       0xd8 CMakeFiles/my_project.dir/home/jjy2026/pico/pico-sdk/lib/tinyusb/src/common/tusb_fifo.c.o
                0x10003d54                tu_fifo_read_n
 .text.tu_fifo_write
                0x10003e2c       0xa0 CMakeFiles/my_project.dir/home/jjy2026/pico/pico-sdk/lib/tinyusb/src/common/tusb_fifo.c.o
                0x10003e2c                tu_fifo_write
 .text.tu_fifo_write_n
                0x10003ecc      0x158 CMakeFiles/my_project.dir/home/jjy2026/pico/pico-sdk/lib/tinyusb/src/common/tusb_fifo.c.o
                0x10003ecc                tu_fifo_write_n
 .text.tu_fifo_clear
                0x10004024       0x38 CMakeFiles/my_project.dir/home/jjy2026/pico/pico-sdk/lib/tinyusb/src/common/tusb_fifo.c.o
                0x10004024                tu_fifo_clear
 .text.tu_fifo_set_overwritable
                0x1000405c       0x3c CMakeFiles/my_project.dir/home/jjy2026/pico/pico-sdk/lib/tinyusb/src/common/tusb_fifo.c.o
                0x1000405c                tu_fifo_set_overwritable
 .text          0x10004098       0xa4 /usr/lib/gcc/arm-none-eabi/13.2.1/../../../arm-none-eabi/lib/thumb/v8-m.main+fp/softfp/libg.a(libc_a-memset.o)
                0x10004098                memset
 .text          0x1000413c       0xec /usr/lib/gcc/arm-none-eabi/13.2.1/../../../arm-none-eabi/lib/thumb/v8-m.main+fp/softfp/libg.a(libc_a-memcpy.o)
                0x1000413c                memcpy
 .text          0x10004228        0xc /usr/lib/gcc/arm-none-eabi/13.2.1/../../../arm-none-eabi/lib/thumb/v8-m.main+fp/softfp/libg.a(libc_a-atexit.o)
                0x10004228                atexit
 .text          0x10004234       0x5c /usr/lib/gcc/arm-none-eabi/13.2.1/../../../arm-none-eabi/lib/thumb/v8-m.main+fp/softfp/libg.a(libc_a-strlen-stub.o)
                0x10004234                strlen
 .text          0x10004290       0x28 /usr/lib/gcc/arm-none-eabi/13.2.1/../../../arm-none-eabi/lib/thumb/v8-m.main+fp/softfp/libg.a(libc_a-fini.o)
                0x10004290                __libc_fini_array
 .text          0x100042b8       0x64 /usr/lib/gcc/arm-none-eabi/13.2.1/../../../arm-none-eabi/lib/thumb/v8-m.main+fp/softfp/libg.a(libc_a-__atexit.o)
                0x100042b8                __register_exitproc
 .text.startup  0x1000431c       0x14 /usr/lib/gcc/arm-none-eabi/13.2.1/../../../arm-none-eabi/lib/thumb/v8-m.main+fp/softfp/libg.a(libc_a-__call_atexit.o)
 *(.fini)
 .fini          0x10004330        0x4 /usr/lib/gcc/arm-none-eabi/13.2.1/thumb/v8-m.main+fp/softfp/crti.o
                0x10004330                _fini
 *fill*         0x10004334        0x4 
 .fini.__stub   0x10004338       0x48 linker stubs
 *crtbegin.o(.ctors)
 *crtbegin?.o(.ctors)
 *(EXCLUDE_FILE(*crtend.o *crtend?.o) .ctors)
 *(SORT_BY_NAME(.ctors.*))
 *(.ctors)
 *crtbegin.o(.dtors)
 *crtbegin?.o(.dtors)
 *(EXCLUDE_FILE(*crtend.o *crtend?.o) .dtors)
 *(SORT_BY_NAME(.dtors.*))
 *(.dtors)
                0x10004380                        . = ALIGN (0x4)
                0x10004380                        PROVIDE (__preinit_array_start = .)
 *(SORT_BY_NAME(.preinit_array.*))
 .preinit_array.00050
                0x10004380        0x4 CMakeFiles/my_project.dir/home/jjy2026/pico/pico-sdk/src/rp2_common/pico_runtime_init/runtime_init.c.o
                0x10004380                __pre_init_runtime_init_bootrom_reset
 .preinit_array.00100
                0x10004384        0x4 CMakeFiles/my_project.dir/home/jjy2026/pico/pico-sdk/src/rp2_common/pico_runtime_init/runtime_init.c.o
                0x10004384                __pre_init_runtime_init_early_resets
 .preinit_array.00101
                0x10004388        0x4 CMakeFiles/my_project.dir/home/jjy2026/pico/pico-sdk/src/rp2_common/pico_runtime_init/runtime_init.c.o
                0x10004388                __pre_init_runtime_init_usb_power_down
 .preinit_array.00500
                0x1000438c        0x4 CMakeFiles/my_project.dir/home/jjy2026/pico/pico-sdk/src/rp2_common/pico_runtime_init/runtime_init.c.o
                0x1000438c                __pre_init_runtime_init_clocks
 .preinit_array.00600
                0x10004390        0x4 CMakeFiles/my_project.dir/home/jjy2026/pico/pico-sdk/src/rp2_common/pico_runtime_init/runtime_init.c.o
                0x10004390                __pre_init_runtime_init_post_clock_resets
 .preinit_array.01000
                0x10004394        0x4 CMakeFiles/my_project.dir/home/jjy2026/pico/pico-sdk/src/rp2_common/hardware_boot_lock/boot_lock.c.o
                0x10004394                __pre_init_runtime_init_boot_locks_reset
 .preinit_array.01000
                0x10004398        0x4 CMakeFiles/my_project.dir/home/jjy2026/pico/pico-sdk/src/rp2_common/pico_runtime_init/runtime_init.c.o
                0x10004398                __pre_init_runtime_init_spin_locks_reset
 .preinit_array.01010
                0x1000439c        0x4 CMakeFiles/my_project.dir/home/jjy2026/pico/pico-sdk/src/rp2_common/pico_bootrom/bootrom_lock.c.o
                0x1000439c                __pre_init_runtime_init_bootrom_locking_enable
 .preinit_array.01100
                0x100043a0        0x4 CMakeFiles/my_project.dir/home/jjy2026/pico/pico-sdk/src/common/pico_sync/mutex.c.o
                0x100043a0                __pre_init_runtime_init_mutex
 .preinit_array.10080
                0x100043a4        0x4 CMakeFiles/my_project.dir/home/jjy2026/pico/pico-sdk/src/rp2_common/pico_runtime_init/runtime_init.c.o
                0x100043a4                __pre_init_runtime_init_install_ram_vector_table
 .preinit_array.11000
                0x100043a8        0x4 CMakeFiles/my_project.dir/home/jjy2026/pico/pico-sdk/src/common/pico_time/time.c.o
                0x100043a8                __pre_init_runtime_init_default_alarm_pool
 .preinit_array.YYYYY
                0x100043ac        0x4 CMakeFiles/my_project.dir/home/jjy2026/pico/pico-sdk/src/rp2_common/pico_runtime/runtime.c.o
                0x100043ac                __pre_init_first_per_core_initializer
 .preinit_array.ZZZZZ.00051
                0x100043b0        0x4 CMakeFiles/my_project.dir/home/jjy2026/pico/pico-sdk/src/rp2_common/pico_runtime_init/runtime_init.c.o
                0x100043b0                __pre_init_runtime_init_per_core_bootrom_reset
 .preinit_array.ZZZZZ.00200
                0x100043b4        0x4 CMakeFiles/my_project.dir/home/jjy2026/pico/pico-sdk/src/rp2_common/pico_runtime_init/runtime_init.c.o
                0x100043b4                __pre_init_runtime_init_per_core_enable_coprocessors
 .preinit_array.ZZZZZ.01000
                0x100043b8        0x4 CMakeFiles/my_project.dir/home/jjy2026/pico/pico-sdk/src/rp2_common/hardware_sync_spin_lock/sync_spin_lock.c.o
                0x100043b8                __pre_init_spinlock_set_extexclall
 .preinit_array.ZZZZZ.01200
                0x100043bc        0x4 CMakeFiles/my_project.dir/home/jjy2026/pico/pico-sdk/src/rp2_common/hardware_irq/irq.c.o
                0x100043bc                __pre_init_runtime_init_per_core_irq_priorities
 *(.preinit_array)
                0x100043c0                        PROVIDE (__preinit_array_end = .)
                0x100043c0                        . = ALIGN (0x4)
                0x100043c0                        PROVIDE (__init_array_start = .)
 *(SORT_BY_NAME(.init_array.*))
 .init_array.00000
                0x100043c0        0x4 /usr/lib/gcc/arm-none-eabi/13.2.1/../../../arm-none-eabi/lib/thumb/v8-m.main+fp/softfp/libg.a(libc_a-__call_atexit.o)
 .init_array.01000
                0x100043c4        0x4 CMakeFiles/my_project.dir/home/jjy2026/pico/pico-sdk/src/rp2_common/pico_unique_id/unique_id.c.o
 *(.init_array)
 .init_array    0x100043c8        0x4 /usr/lib/gcc/arm-none-eabi/13.2.1/thumb/v8-m.main+fp/softfp/crtbegin.o
                0x100043cc                        PROVIDE (__init_array_end = .)
                0x100043cc                        . = ALIGN (0x4)
                0x100043cc                        PROVIDE (__fini_array_start = .)
 *(SORT_BY_NAME(.fini_array.*))
 *(.fini_array)
                0x100043cc                        PROVIDE (__fini_array_end = .)
 *(.eh_frame*)
 .eh_frame      0x100043cc        0x0 /usr/lib/gcc/arm-none-eabi/13.2.1/thumb/v8-m.main+fp/softfp/crtbegin.o
                0x100043cc                        . = ALIGN (0x4)

.glue_7         0x100043cc        0x0
 .glue_7        0x100043cc        0x0 linker stubs

.glue_7t        0x100043cc        0x0
 .glue_7t       0x100043cc        0x0 linker stubs

.vfp11_veneer   0x100043cc        0x0
 .vfp11_veneer  0x100043cc        0x0 linker stubs

.v4_bx          0x100043cc        0x0
 .v4_bx         0x100043cc        0x0 linker stubs

.iplt           0x100043cc        0x0
 .iplt          0x100043cc        0x0 /usr/lib/gcc/arm-none-eabi/13.2.1/thumb/v8-m.main+fp/softfp/crtbegin.o

.boot2          0x100043cc        0x0
                0x100043cc                        __boot2_start__ = .
 *(.boot2)
                0x100043cc                        __boot2_end__ = .
                0x00000001                        ASSERT (((__boot2_end__ - __boot2_start__) <= 0x100), ERROR: Pico second stage bootloader must be no more than 256 bytes in size)

.rodata         0x100043cc      0x368
 *(EXCLUDE_FILE(*libm.a: *libc.a:*lib_a-mem*.o *libgcc.a:) .rodata*)
 .rodata.panic.str1.4
                0x100043cc      0x158 CMakeFiles/my_project.dir/home/jjy2026/pico/pico-sdk/src/rp2_common/pico_platform_panic/panic.c.o
                                 0x12 (size before relaxing)
 .rodata.spin_lock_claim_unused.str1.4
                0x10004524       0x1b CMakeFiles/my_project.dir/home/jjy2026/pico/pico-sdk/src/rp2_common/hardware_sync/sync.c.o
 .rodata.user_irq_claim_unused.str1.4
                0x10004524       0x1b CMakeFiles/my_project.dir/home/jjy2026/pico/pico-sdk/src/rp2_common/hardware_irq/irq.c.o
 .rodata.timer_hardware_alarm_claim.str1.4
                0x10004524       0x22 CMakeFiles/my_project.dir/home/jjy2026/pico/pico-sdk/src/rp2_common/hardware_timer/timer.c.o
 .rodata.hard_assertion_failure.str1.4
                0x10004524        0xc CMakeFiles/my_project.dir/home/jjy2026/pico/pico-sdk/src/rp2_common/pico_runtime/runtime.c.o
 .rodata.str1.4
                0x10004524       0x40 CMakeFiles/my_project.dir/home/jjy2026/pico/pico-sdk/src/rp2_common/pico_standard_binary_info/standard_binary_info.c.o
 .rodata.__bi_84
                0x10004524        0xc CMakeFiles/my_project.dir/home/jjy2026/pico/pico-sdk/src/rp2_common/pico_standard_binary_info/standard_binary_info.c.o
 .rodata.__bi_78
                0x10004530        0xc CMakeFiles/my_project.dir/home/jjy2026/pico/pico-sdk/src/rp2_common/pico_standard_binary_info/standard_binary_info.c.o
 .rodata.__bi_54
                0x1000453c        0xc CMakeFiles/my_project.dir/home/jjy2026/pico/pico-sdk/src/rp2_common/pico_standard_binary_info/standard_binary_info.c.o
 .rodata.__bi_48
                0x10004548        0xc CMakeFiles/my_project.dir/home/jjy2026/pico/pico-sdk/src/rp2_common/pico_standard_binary_info/standard_binary_info.c.o
 .rodata.__bi_42
                0x10004554        0xc CMakeFiles/my_project.dir/home/jjy2026/pico/pico-sdk/src/rp2_common/pico_standard_binary_info/standard_binary_info.c.o
 .rodata.__bi_34
                0x10004560        0xc CMakeFiles/my_project.dir/home/jjy2026/pico/pico-sdk/src/rp2_common/pico_standard_binary_info/standard_binary_info.c.o
 .rodata.__bi_26
                0x1000456c        0xc CMakeFiles/my_project.dir/home/jjy2026/pico/pico-sdk/src/rp2_common/pico_standard_binary_info/standard_binary_info.c.o
 .rodata.crlf_str.0
                0x10004578        0x2 CMakeFiles/my_project.dir/home/jjy2026/pico/pico-sdk/src/rp2_common/pico_stdio/stdio.c.o
 *fill*         0x1000457a        0x2 
 .rodata._resetd_driver
                0x1000457c       0x20 CMakeFiles/my_project.dir/home/jjy2026/pico/pico-sdk/src/rp2_common/pico_stdio_usb/reset_interface.c.o
 .rodata.desc_ms_os_20
                0x1000459c       0xa6 CMakeFiles/my_project.dir/home/jjy2026/pico/pico-sdk/src/rp2_common/pico_stdio_usb/reset_interface.c.o
 *fill*         0x10004642        0x2 
 .rodata.desc_bos
                0x10004644       0x21 CMakeFiles/my_project.dir/home/jjy2026/pico/pico-sdk/src/rp2_common/pico_stdio_usb/reset_interface.c.o
                0x10004644                desc_bos
 .rodata.str1.4
                0x10004665       0x13 CMakeFiles/my_project.dir/home/jjy2026/pico/pico-sdk/src/rp2_common/pico_stdio_usb/stdio_usb.c.o
 *fill*         0x10004665        0x3 
 .rodata.__bi_202.0
                0x10004668        0xc CMakeFiles/my_project.dir/home/jjy2026/pico/pico-sdk/src/rp2_common/pico_stdio_usb/stdio_usb.c.o
 .rodata.str1.4
                0x10004674       0x2a CMakeFiles/my_project.dir/home/jjy2026/pico/pico-sdk/src/rp2_common/pico_stdio_usb/stdio_usb_descriptors.c.o
 .rodata.usbd_desc_str
                0x10004674       0x18 CMakeFiles/my_project.dir/home/jjy2026/pico/pico-sdk/src/rp2_common/pico_stdio_usb/stdio_usb_descriptors.c.o
 .rodata.usbd_desc_cfg
                0x1000468c       0x54 CMakeFiles/my_project.dir/home/jjy2026/pico/pico-sdk/src/rp2_common/pico_stdio_usb/stdio_usb_descriptors.c.o
 .rodata.usbd_desc_device
                0x100046e0       0x12 CMakeFiles/my_project.dir/home/jjy2026/pico/pico-sdk/src/rp2_common/pico_stdio_usb/stdio_usb_descriptors.c.o
 .rodata.str1.4
                0x100046f2       0x14 CMakeFiles/my_project.dir/home/jjy2026/pico/pico-sdk/lib/tinyusb/src/portable/raspberrypi/rp2040/dcd_rp2040.c.o
 .rodata.str1.4
                0x100046f2       0x48 CMakeFiles/my_project.dir/home/jjy2026/pico/pico-sdk/lib/tinyusb/src/portable/raspberrypi/rp2040/rp2040_usb.c.o
 *fill*         0x100046f2        0x2 
 .rodata._usbd_driver
                0x100046f4       0x40 CMakeFiles/my_project.dir/home/jjy2026/pico/pico-sdk/lib/tinyusb/src/device/usbd.c.o
 *(.srodata*)
                0x10004734                        . = ALIGN (0x4)
 *(SORT_BY_ALIGNMENT(SORT_BY_NAME(.flashdata*)))
                0x10004734                        . = ALIGN (0x4)

.ARM.extab
 *(.ARM.extab* .gnu.linkonce.armextab.*)
                0x10004734                        __exidx_start = .

.ARM.exidx      0x10004734        0x8
 *(.ARM.exidx* .gnu.linkonce.armexidx.*)
 .ARM.exidx     0x10004734        0x8 /usr/lib/gcc/arm-none-eabi/13.2.1/../../../arm-none-eabi/lib/thumb/v8-m.main+fp/softfp/libg.a(libc_a-memcpy.o)
                0x1000473c                        __exidx_end = .
                0x1000473c                        . = ALIGN (0x4)
                0x1000473c                        __binary_info_start = .

.binary_info    0x1000473c       0x20
 *(.binary_info.keep.*)
 .binary_info.keep.__bi_ptr84
                0x1000473c        0x4 CMakeFiles/my_project.dir/home/jjy2026/pico/pico-sdk/src/rp2_common/pico_standard_binary_info/standard_binary_info.c.o
 .binary_info.keep.__bi_ptr78
                0x10004740        0x4 CMakeFiles/my_project.dir/home/jjy2026/pico/pico-sdk/src/rp2_common/pico_standard_binary_info/standard_binary_info.c.o
 .binary_info.keep.__bi_ptr54
                0x10004744        0x4 CMakeFiles/my_project.dir/home/jjy2026/pico/pico-sdk/src/rp2_common/pico_standard_binary_info/standard_binary_info.c.o
 .binary_info.keep.__bi_ptr48
                0x10004748        0x4 CMakeFiles/my_project.dir/home/jjy2026/pico/pico-sdk/src/rp2_common/pico_standard_binary_info/standard_binary_info.c.o
 .binary_info.keep.__bi_ptr42
                0x1000474c        0x4 CMakeFiles/my_project.dir/home/jjy2026/pico/pico-sdk/src/rp2_common/pico_standard_binary_info/standard_binary_info.c.o
 .binary_info.keep.__bi_ptr34
                0x10004750        0x4 CMakeFiles/my_project.dir/home/jjy2026/pico/pico-sdk/src/rp2_common/pico_standard_binary_info/standard_binary_info.c.o
 .binary_info.keep.__bi_ptr26
                0x10004754        0x4 CMakeFiles/my_project.dir/home/jjy2026/pico/pico-sdk/src/rp2_common/pico_standard_binary_info/standard_binary_info.c.o
 *(.binary_info.*)
 .binary_info.__bi_ptr202
                0x10004758        0x4 CMakeFiles/my_project.dir/home/jjy2026/pico/pico-sdk/src/rp2_common/pico_stdio_usb/stdio_usb.c.o
                0x1000475c                        __binary_info_end = .
                0x1000475c                        . = ALIGN (0x4)

.ram_vector_table
                0x20000000      0x110
 *(.ram_vector_table)
 .ram_vector_table
                0x20000000      0x110 CMakeFiles/my_project.dir/home/jjy2026/pico/pico-sdk/src/rp2_common/pico_runtime_init/runtime_init.c.o
                0x20000000                ram_vector_table

.uninitialized_data
                0x20000110        0x0
                0x20000110                        . = ALIGN (0x4)
 *(.uninitialized_data*)

.data           0x20000110      0xd94 load address 0x1000475c
                0x20000110                        __data_start__ = .
 *(vtable)
 *(.time_critical*)
 .time_critical.mutex_try_enter
                0x20000110       0x50 CMakeFiles/my_project.dir/home/jjy2026/pico/pico-sdk/src/common/pico_sync/mutex.c.o
                0x20000110                mutex_try_enter
 .time_critical.mutex_enter_block_until
                0x20000160       0x70 CMakeFiles/my_project.dir/home/jjy2026/pico/pico-sdk/src/common/pico_sync/mutex.c.o
                0x20000160                mutex_enter_block_until
 .time_critical.mutex_try_enter_block_until
                0x200001d0       0x6c CMakeFiles/my_project.dir/home/jjy2026/pico/pico-sdk/src/common/pico_sync/mutex.c.o
                0x200001d0                mutex_try_enter_block_until
 .time_critical.mutex_enter_timeout_ms
                0x2000023c       0x38 CMakeFiles/my_project.dir/home/jjy2026/pico/pico-sdk/src/common/pico_sync/mutex.c.o
                0x2000023c                mutex_enter_timeout_ms
 .time_critical.mutex_exit
                0x20000274       0x3c CMakeFiles/my_project.dir/home/jjy2026/pico/pico-sdk/src/common/pico_sync/mutex.c.o
                0x20000274                mutex_exit
 .time_critical.reset_non_control_endpoints
                0x200002b0       0x64 CMakeFiles/my_project.dir/home/jjy2026/pico/pico-sdk/lib/tinyusb/src/portable/raspberrypi/rp2040/dcd_rp2040.c.o
 .time_critical.hw_handle_buff_status
                0x20000314       0x94 CMakeFiles/my_project.dir/home/jjy2026/pico/pico-sdk/lib/tinyusb/src/portable/raspberrypi/rp2040/dcd_rp2040.c.o
 .time_critical.dcd_rp2040_irq
                0x200003a8      0x510 CMakeFiles/my_project.dir/home/jjy2026/pico/pico-sdk/lib/tinyusb/src/portable/raspberrypi/rp2040/dcd_rp2040.c.o
 .time_critical.prepare_ep_buffer
                0x200008b8       0xd0 CMakeFiles/my_project.dir/home/jjy2026/pico/pico-sdk/lib/tinyusb/src/portable/raspberrypi/rp2040/rp2040_usb.c.o
 .time_critical.sync_ep_buffer
                0x20000988       0xb8 CMakeFiles/my_project.dir/home/jjy2026/pico/pico-sdk/lib/tinyusb/src/portable/raspberrypi/rp2040/rp2040_usb.c.o
 .time_critical._hw_endpoint_xfer_sync
                0x20000a40       0x2c CMakeFiles/my_project.dir/home/jjy2026/pico/pico-sdk/lib/tinyusb/src/portable/raspberrypi/rp2040/rp2040_usb.c.o
 .time_critical.e15_is_bulkin_ep
                0x20000a6c       0x28 CMakeFiles/my_project.dir/home/jjy2026/pico/pico-sdk/lib/tinyusb/src/portable/raspberrypi/rp2040/rp2040_usb.c.o
 .time_critical.e15_is_critical_frame_period
                0x20000a94       0x28 CMakeFiles/my_project.dir/home/jjy2026/pico/pico-sdk/lib/tinyusb/src/portable/raspberrypi/rp2040/rp2040_usb.c.o
 .time_critical.hw_endpoint_reset_transfer
                0x20000abc        0xc CMakeFiles/my_project.dir/home/jjy2026/pico/pico-sdk/lib/tinyusb/src/portable/raspberrypi/rp2040/rp2040_usb.c.o
                0x20000abc                hw_endpoint_reset_transfer
 .time_critical._hw_endpoint_buffer_control_update32
                0x20000ac8       0x44 CMakeFiles/my_project.dir/home/jjy2026/pico/pico-sdk/lib/tinyusb/src/portable/raspberrypi/rp2040/rp2040_usb.c.o
                0x20000ac8                _hw_endpoint_buffer_control_update32
 .time_critical.hw_endpoint_start_next_buffer
                0x20000b0c       0x64 CMakeFiles/my_project.dir/home/jjy2026/pico/pico-sdk/lib/tinyusb/src/portable/raspberrypi/rp2040/rp2040_usb.c.o
                0x20000b0c                hw_endpoint_start_next_buffer
 .time_critical.hw_endpoint_xfer_continue
                0x20000b70       0x3c CMakeFiles/my_project.dir/home/jjy2026/pico/pico-sdk/lib/tinyusb/src/portable/raspberrypi/rp2040/rp2040_usb.c.o
                0x20000b70                hw_endpoint_xfer_continue
 .time_critical.tinyusb
                0x20000bac      0x224 CMakeFiles/my_project.dir/home/jjy2026/pico/pico-sdk/lib/tinyusb/src/device/usbd.c.o
                0x20000bac                dcd_event_handler
 .time_critical.tinyusb.__stub
                0x20000dd0       0x30 linker stubs
 *(.text*)
                0x20000e00                        . = ALIGN (0x4)
 *(.rodata*)
                0x20000e00                        . = ALIGN (0x4)
 *(.data*)
 .data.striped_spin_lock_num
                0x20000e00        0x1 CMakeFiles/my_project.dir/home/jjy2026/pico/pico-sdk/src/rp2_common/hardware_sync/sync.c.o
 *fill*         0x20000e01        0x3 
 .data          0x20000e04       0x48 CMakeFiles/my_project.dir/home/jjy2026/pico/pico-sdk/src/rp2_common/hardware_irq/irq_handler_chain.S.o
                0x20000e04                irq_handler_chain_slots
                0x20000e34                irq_handler_chain_first_slot
                0x20000e3e                irq_handler_chain_remove_tail
 .data.default_alarm_pool
                0x20000e4c       0x18 CMakeFiles/my_project.dir/home/jjy2026/pico/pico-sdk/src/common/pico_time/time.c.o
 .data.stdio_usb
                0x20000e64       0x18 CMakeFiles/my_project.dir/home/jjy2026/pico/pico-sdk/src/rp2_common/pico_stdio_usb/stdio_usb.c.o
                0x20000e64                stdio_usb
 .data._usbd_qdef
                0x20000e7c       0x1c CMakeFiles/my_project.dir/home/jjy2026/pico/pico-sdk/lib/tinyusb/src/device/usbd.c.o
                0x20000e7c                _usbd_qdef
 .data._usbd_rhport
                0x20000e98        0x1 CMakeFiles/my_project.dir/home/jjy2026/pico/pico-sdk/lib/tinyusb/src/device/usbd.c.o
 *(.sdata*)
                0x20000e9c                        . = ALIGN (0x4)
 *fill*         0x20000e99        0x3 
 *(.after_data.*)
                0x20000e9c                        . = ALIGN (0x4)
                0x20000e9c                        PROVIDE (__mutex_array_start = .)
 *(SORT_BY_NAME(.mutex_array.*))
 *(.mutex_array)
 .mutex_array   0x20000e9c        0x8 CMakeFiles/my_project.dir/home/jjy2026/pico/pico-sdk/src/rp2_common/pico_stdio/stdio.c.o
                0x20000ea4                        PROVIDE (__mutex_array_end = .)
 *(.jcr)
                0x20000ea4                        . = ALIGN (0x4)

.tm_clone_table
                0x20000ea4        0x0 load address 0x100054f0
 .tm_clone_table
                0x20000ea4        0x0 /usr/lib/gcc/arm-none-eabi/13.2.1/thumb/v8-m.main+fp/softfp/crtbegin.o
 .tm_clone_table
                0x20000ea4        0x0 /usr/lib/gcc/arm-none-eabi/13.2.1/thumb/v8-m.main+fp/softfp/crtend.o

.igot.plt       0x20000ea4        0x0 load address 0x100054f0
 .igot.plt      0x20000ea4        0x0 /usr/lib/gcc/arm-none-eabi/13.2.1/thumb/v8-m.main+fp/softfp/crtbegin.o

.tdata          0x20000ea4        0x0 load address 0x100054f0
                0x20000ea4                        . = ALIGN (0x4)
 *(.tdata .tdata.* .gnu.linkonce.td.*)
                0x20000ea4                        __tdata_end = .
                0x20000ea4                        PROVIDE (__data_end__ = .)
                0x1000475c                        __etext = LOADADDR (.data)

.tbss           0x20000ea4        0x0 load address 0x100054f0
                0x20000ea4                        . = ALIGN (0x4)
                0x20000ea4                        __bss_start__ = .
                0x20000ea4                        __tls_base = .
 *(.tbss .tbss.* .gnu.linkonce.tb.*)
 *(.tcommon)
                0x20000ea4                        __tls_end = .

.bss            0x20000ea8      0xdc0 load address 0x100054f0
                0x20000ea8                        . = ALIGN (0x4)
                0x20000ea8                        __tbss_end = .
 *(SORT_BY_ALIGNMENT(SORT_BY_NAME(.bss*)))
 .bss._cdcd_itf
                0x20000ea8       0xc8 CMakeFiles/my_project.dir/home/jjy2026/pico/pico-sdk/lib/tinyusb/src/class/cdc/cdc_device.c.o
 .bss.default_alarm_pool_entries
                0x20000f70      0x180 CMakeFiles/my_project.dir/home/jjy2026/pico/pico-sdk/src/common/pico_time/time.c.o
 .bss.last_avail_time.1
                0x200010f0        0x8 CMakeFiles/my_project.dir/home/jjy2026/pico/pico-sdk/src/rp2_common/pico_stdio_usb/stdio_usb.c.o
 .bss           0x200010f8       0x1c /usr/lib/gcc/arm-none-eabi/13.2.1/thumb/v8-m.main+fp/softfp/crtbegin.o
 .bss           0x20001114      0x190 /usr/lib/gcc/arm-none-eabi/13.2.1/../../../arm-none-eabi/lib/thumb/v8-m.main+fp/softfp/libg.a(libc_a-__atexit.o)
                0x20001114                __atexit0
 .bss           0x200012a4        0x4 /usr/lib/gcc/arm-none-eabi/13.2.1/../../../arm-none-eabi/lib/thumb/v8-m.main+fp/softfp/libg.a(libc_a-__call_atexit.o)
                0x200012a4                __atexit
 .bss._app_driver
                0x200012a8        0x4 CMakeFiles/my_project.dir/home/jjy2026/pico/pico-sdk/lib/tinyusb/src/device/usbd.c.o
 .bss._cdcd_epbuf
                0x200012ac       0x80 CMakeFiles/my_project.dir/home/jjy2026/pico/pico-sdk/lib/tinyusb/src/class/cdc/cdc_device.c.o
 .bss._cdcd_fifo_cfg
                0x2000132c        0x1 CMakeFiles/my_project.dir/home/jjy2026/pico/pico-sdk/lib/tinyusb/src/class/cdc/cdc_device.c.o
 *fill*         0x2000132d        0x3 
 .bss._ctrl_epbuf
                0x20001330       0x40 CMakeFiles/my_project.dir/home/jjy2026/pico/pico-sdk/lib/tinyusb/src/device/usbd_control.c.o
 .bss._ctrl_xfer
                0x20001370       0x14 CMakeFiles/my_project.dir/home/jjy2026/pico/pico-sdk/lib/tinyusb/src/device/usbd_control.c.o
 .bss._sw_spin_locks
                0x20001384       0x20 CMakeFiles/my_project.dir/home/jjy2026/pico/pico-sdk/src/rp2_common/hardware_sync_spin_lock/sync_spin_lock.c.o
                0x20001384                _sw_spin_locks
 .bss._tusb_rhport_role
                0x200013a4        0x2 CMakeFiles/my_project.dir/home/jjy2026/pico/pico-sdk/lib/tinyusb/src/tusb.c.o
                0x200013a4                _tusb_rhport_role
 *fill*         0x200013a6        0x2 
 .bss._ubsd_mutexdef
                0x200013a8        0x8 CMakeFiles/my_project.dir/home/jjy2026/pico/pico-sdk/lib/tinyusb/src/device/usbd.c.o
 .bss._usbd_dev
                0x200013b0       0x54 CMakeFiles/my_project.dir/home/jjy2026/pico/pico-sdk/lib/tinyusb/src/device/usbd.c.o
 .bss._usbd_mutex
                0x20001404        0x4 CMakeFiles/my_project.dir/home/jjy2026/pico/pico-sdk/lib/tinyusb/src/device/usbd.c.o
 .bss._usbd_q   0x20001408        0x4 CMakeFiles/my_project.dir/home/jjy2026/pico/pico-sdk/lib/tinyusb/src/device/usbd.c.o
 .bss._usbd_qdef_buf
                0x2000140c       0xc0 CMakeFiles/my_project.dir/home/jjy2026/pico/pico-sdk/lib/tinyusb/src/device/usbd.c.o
                0x2000140c                _usbd_qdef_buf
 .bss._vendord_epbuf
                0x200014cc       0x80 CMakeFiles/my_project.dir/home/jjy2026/pico/pico-sdk/lib/tinyusb/src/class/vendor/vendor_device.c.o
 .bss._vendord_itf
                0x2000154c      0x24c CMakeFiles/my_project.dir/home/jjy2026/pico/pico-sdk/lib/tinyusb/src/class/vendor/vendor_device.c.o
 .bss.chars_available_callback
                0x20001798        0x4 CMakeFiles/my_project.dir/home/jjy2026/pico/pico-sdk/src/rp2_common/pico_stdio_usb/stdio_usb.c.o
 .bss.chars_available_param
                0x2000179c        0x4 CMakeFiles/my_project.dir/home/jjy2026/pico/pico-sdk/src/rp2_common/pico_stdio_usb/stdio_usb.c.o
 .bss.claimed   0x200017a0        0x4 CMakeFiles/my_project.dir/home/jjy2026/pico/pico-sdk/src/rp2_common/hardware_sync/sync.c.o
 .bss.claimed   0x200017a4        0x2 CMakeFiles/my_project.dir/home/jjy2026/pico/pico-sdk/src/rp2_common/hardware_timer/timer.c.o
 *fill*         0x200017a6        0x2 
 .bss.configured_freq
                0x200017a8       0x28 CMakeFiles/my_project.dir/home/jjy2026/pico/pico-sdk/src/rp2_common/hardware_clocks/clocks.c.o
 .bss.desc_str.0
                0x200017d0       0x28 CMakeFiles/my_project.dir/home/jjy2026/pico/pico-sdk/src/rp2_common/pico_stdio_usb/stdio_usb_descriptors.c.o
 .bss.drivers   0x200017f8        0x4 CMakeFiles/my_project.dir/home/jjy2026/pico/pico-sdk/src/rp2_common/pico_stdio/stdio.c.o
 .bss.e15_last_sof
                0x200017fc        0x4 CMakeFiles/my_project.dir/home/jjy2026/pico/pico-sdk/lib/tinyusb/src/portable/raspberrypi/rp2040/rp2040_usb.c.o
                0x200017fc                e15_last_sof
 .bss.filter    0x20001800        0x4 CMakeFiles/my_project.dir/home/jjy2026/pico/pico-sdk/src/rp2_common/pico_stdio/stdio.c.o
 .bss.hw_endpoints
                0x20001804      0x400 CMakeFiles/my_project.dir/home/jjy2026/pico/pico-sdk/lib/tinyusb/src/portable/raspberrypi/rp2040/dcd_rp2040.c.o
 .bss.lazy_vsnprintf
                0x20001c04        0x4 CMakeFiles/my_project.dir/home/jjy2026/pico/pico-sdk/src/rp2_common/pico_printf/printf.c.o
 .bss.load_value
                0x20001c08        0x4 CMakeFiles/my_project.dir/home/jjy2026/pico/pico-sdk/src/rp2_common/hardware_watchdog/watchdog.c.o
 .bss.next_buffer_ptr
                0x20001c0c        0x4 CMakeFiles/my_project.dir/home/jjy2026/pico/pico-sdk/lib/tinyusb/src/portable/raspberrypi/rp2040/dcd_rp2040.c.o
 .bss.one_shot_timer_crit_sec
                0x20001c10        0x8 CMakeFiles/my_project.dir/home/jjy2026/pico/pico-sdk/src/rp2_common/pico_stdio_usb/stdio_usb.c.o
 .bss.pools     0x20001c18       0x20 CMakeFiles/my_project.dir/home/jjy2026/pico/pico-sdk/src/common/pico_time/time.c.o
 .bss.retrieved_id
                0x20001c38        0x8 CMakeFiles/my_project.dir/home/jjy2026/pico/pico-sdk/src/rp2_common/pico_unique_id/unique_id.c.o
 .bss.sleep_notifier
                0x20001c40        0x4 CMakeFiles/my_project.dir/home/jjy2026/pico/pico-sdk/src/common/pico_time/time.c.o
 .bss.stdio_usb_mutex
                0x20001c44        0x8 CMakeFiles/my_project.dir/home/jjy2026/pico/pico-sdk/src/rp2_common/pico_stdio_usb/stdio_usb.c.o
 .bss.usbd_serial_str
                0x20001c4c       0x11 CMakeFiles/my_project.dir/home/jjy2026/pico/pico-sdk/src/rp2_common/pico_stdio_usb/stdio_usb_descriptors.c.o
 .bss._app_driver_count
                0x20001c5d        0x1 CMakeFiles/my_project.dir/home/jjy2026/pico/pico-sdk/lib/tinyusb/src/device/usbd.c.o
 .bss._sof_enable
                0x20001c5e        0x1 CMakeFiles/my_project.dir/home/jjy2026/pico/pico-sdk/lib/tinyusb/src/portable/raspberrypi/rp2040/dcd_rp2040.c.o
 .bss._usbd_queued_setup
                0x20001c5f        0x1 CMakeFiles/my_project.dir/home/jjy2026/pico/pico-sdk/lib/tinyusb/src/device/usbd.c.o
 .bss.irq_handler_chain_free_slot_head
                0x20001c60        0x1 CMakeFiles/my_project.dir/home/jjy2026/pico/pico-sdk/src/rp2_common/hardware_irq/irq.c.o
 .bss.itf_num   0x20001c61        0x1 CMakeFiles/my_project.dir/home/jjy2026/pico/pico-sdk/src/rp2_common/pico_stdio_usb/reset_interface.c.o
 .bss.low_priority_irq_num
                0x20001c62        0x1 CMakeFiles/my_project.dir/home/jjy2026/pico/pico-sdk/src/rp2_common/pico_stdio_usb/stdio_usb.c.o
 .bss.one_shot_timer_pending
                0x20001c63        0x1 CMakeFiles/my_project.dir/home/jjy2026/pico/pico-sdk/src/rp2_common/pico_stdio_usb/stdio_usb.c.o
 .bss.user_irq_claimed
                0x20001c64        0x1 CMakeFiles/my_project.dir/home/jjy2026/pico/pico-sdk/src/rp2_common/hardware_irq/irq.c.o
 *(COMMON)
                [!provide]                        PROVIDE (__global_pointer$ = (. + 0x800))
 *(.sbss*)
                0x20001c68                        . = ALIGN (0x4)
 *fill*         0x20001c65        0x3 
                0x20001c68                        __bss_end__ = .

.heap           0x20001c68      0x800 load address 0x100054f0
                0x20001c68                        __end__ = .
                0x20001c68                        end = __end__
 *(.heap*)
 .heap          0x20001c68      0x800 CMakeFiles/my_project.dir/home/jjy2026/pico/pico-sdk/src/rp2_common/pico_crt0/crt0.S.o
                0x20080000                        __HeapLimit = (ORIGIN (RAM) + LENGTH (RAM))

.scratch_x      0x20080000        0x0 load address 0x100054f0
                0x20080000                        __scratch_x_start__ = .
 *(.scratch_x.*)
                0x20080000                        . = ALIGN (0x4)
                0x20080000                        __scratch_x_end__ = .
                0x100054f0                        __scratch_x_source__ = LOADADDR (.scratch_x)

.scratch_y      0x20081000        0x0 load address 0x100054f0
                0x20081000                        __scratch_y_start__ = .
 *(.scratch_y.*)
                0x20081000                        . = ALIGN (0x4)
                0x20081000                        __scratch_y_end__ = .
                0x100054f0                        __scratch_y_source__ = LOADADDR (.scratch_y)

.stack1_dummy
 *(.stack1*)

.stack_dummy    0x20081000      0x800
 *(.stack*)
 .stack         0x20081000      0x800 CMakeFiles/my_project.dir/home/jjy2026/pico/pico-sdk/src/rp2_common/pico_crt0/crt0.S.o

.flash_end      0x100054f0       0x14
 *(.embedded_end_block*)
 .embedded_end_block
                0x100054f0       0x14 CMakeFiles/my_project.dir/home/jjy2026/pico/pico-sdk/src/rp2_common/pico_crt0/crt0.S.o
                0x10005504                        PROVIDE (__flash_binary_end = .)
                0x20080000                        __StackLimit = (ORIGIN (RAM) + LENGTH (RAM))
                0x20081000                        __StackOneTop = (ORIGIN (SCRATCH_X) + LENGTH (SCRATCH_X))
                0x20082000                        __StackTop = (ORIGIN (SCRATCH_Y) + LENGTH (SCRATCH_Y))
                0x20081000                        __StackOneBottom = (__StackOneTop - SIZEOF (.stack1_dummy))
                0x20081800                        __StackBottom = (__StackTop - SIZEOF (.stack_dummy))
                0x20082000                        PROVIDE (__stack = __StackTop)
                [!provide]                        PROVIDE (__heap_start = __end__)
                [!provide]                        PROVIDE (__heap_end = __HeapLimit)
                [!provide]                        PROVIDE (__tls_align = MAX (ALIGNOF (.tdata), ALIGNOF (.tbss)))
                [!provide]                        PROVIDE (__tls_size_align = (((__tls_size + __tls_align) - 0x1) & ~ ((__tls_align - 0x1))))
                [!provide]                        PROVIDE (__arm32_tls_tcb_offset = MAX (0x8, __tls_align))
                [!provide]                        PROVIDE (_end = __end__)
                [!provide]                        PROVIDE (__llvm_libc_heap_limit = __HeapLimit)
                0x00000001                        ASSERT ((__StackLimit >= __HeapLimit), region RAM overflowed)
                0x00000001                        ASSERT (((__binary_info_header_end - __logical_binary_start) <= 0x400), Binary info must be in first 1024 bytes of the binary)
                0x00000001                        ASSERT (((__embedded_block_end - __logical_binary_start) <= 0x1000), Embedded block must be in first 4096 bytes of the binary)
LOAD CMakeFiles/my_project.dir/picomoter.c.o
LOAD CMakeFiles/my_project.dir/home/jjy2026/pico/pico-sdk/src/rp2_common/pico_stdlib/stdlib.c.o
LOAD CMakeFiles/my_project.dir/home/jjy2026/pico/pico-sdk/src/rp2_common/hardware_gpio/gpio.c.o
LOAD CMakeFiles/my_project.dir/home/jjy2026/pico/pico-sdk/src/rp2350/pico_platform/platform.c.o
LOAD CMakeFiles/my_project.dir/home/jjy2026/pico/pico-sdk/src/rp2_common/pico_platform_common/common.c.o
LOAD CMakeFiles/my_project.dir/home/jjy2026/pico/pico-sdk/src/rp2_common/pico_platform_panic/panic.c.o
LOAD CMakeFiles/my_project.dir/home/jjy2026/pico/pico-sdk/src/common/hardware_claim/claim.c.o
LOAD CMakeFiles/my_project.dir/home/jjy2026/pico/pico-sdk/src/rp2_common/hardware_sync/sync.c.o
LOAD CMakeFiles/my_project.dir/home/jjy2026/pico/pico-sdk/src/rp2_common/hardware_sync_spin_lock/sync_spin_lock.c.o
LOAD CMakeFiles/my_project.dir/home/jjy2026/pico/pico-sdk/src/rp2_common/hardware_irq/irq.c.o
LOAD CMakeFiles/my_project.dir/home/jjy2026/pico/pico-sdk/src/rp2_common/hardware_irq/irq_handler_chain.S.o
LOAD CMakeFiles/my_project.dir/home/jjy2026/pico/pico-sdk/src/common/pico_sync/sem.c.o
LOAD CMakeFiles/my_project.dir/home/jjy2026/pico/pico-sdk/src/common/pico_sync/lock_core.c.o
LOAD CMakeFiles/my_project.dir/home/jjy2026/pico/pico-sdk/src/common/pico_sync/mutex.c.o
LOAD CMakeFiles/my_project.dir/home/jjy2026/pico/pico-sdk/src/common/pico_sync/critical_section.c.o
LOAD CMakeFiles/my_project.dir/home/jjy2026/pico/pico-sdk/src/common/pico_time/time.c.o
LOAD CMakeFiles/my_project.dir/home/jjy2026/pico/pico-sdk/src/common/pico_time/timeout_helper.c.o
LOAD CMakeFiles/my_project.dir/home/jjy2026/pico/pico-sdk/src/rp2_common/hardware_timer/timer.c.o
LOAD CMakeFiles/my_project.dir/home/jjy2026/pico/pico-sdk/src/common/pico_util/datetime.c.o
LOAD CMakeFiles/my_project.dir/home/jjy2026/pico/pico-sdk/src/common/pico_util/pheap.c.o
LOAD CMakeFiles/my_project.dir/home/jjy2026/pico/pico-sdk/src/common/pico_util/queue.c.o
LOAD CMakeFiles/my_project.dir/home/jjy2026/pico/pico-sdk/src/rp2_common/hardware_uart/uart.c.o
LOAD CMakeFiles/my_project.dir/home/jjy2026/pico/pico-sdk/src/rp2_common/hardware_clocks/clocks.c.o
LOAD CMakeFiles/my_project.dir/home/jjy2026/pico/pico-sdk/src/rp2_common/hardware_pll/pll.c.o
LOAD CMakeFiles/my_project.dir/home/jjy2026/pico/pico-sdk/src/rp2_common/hardware_vreg/vreg.c.o
LOAD CMakeFiles/my_project.dir/home/jjy2026/pico/pico-sdk/src/rp2_common/hardware_watchdog/watchdog.c.o
LOAD CMakeFiles/my_project.dir/home/jjy2026/pico/pico-sdk/src/rp2_common/hardware_ticks/ticks.c.o
LOAD CMakeFiles/my_project.dir/home/jjy2026/pico/pico-sdk/src/rp2_common/pico_bootrom/bootrom.c.o
LOAD CMakeFiles/my_project.dir/home/jjy2026/pico/pico-sdk/src/rp2_common/pico_bootrom/bootrom_lock.c.o
LOAD CMakeFiles/my_project.dir/home/jjy2026/pico/pico-sdk/src/rp2_common/hardware_boot_lock/boot_lock.c.o
LOAD CMakeFiles/my_project.dir/home/jjy2026/pico/pico-sdk/src/rp2_common/pico_flash/flash.c.o
LOAD CMakeFiles/my_project.dir/home/jjy2026/pico/pico-sdk/src/rp2_common/hardware_xosc/xosc.c.o
LOAD CMakeFiles/my_project.dir/home/jjy2026/pico/pico-sdk/src/rp2_common/hardware_divider/divider.c.o
LOAD CMakeFiles/my_project.dir/home/jjy2026/pico/pico-sdk/src/rp2_common/pico_runtime/runtime.c.o
LOAD CMakeFiles/my_project.dir/home/jjy2026/pico/pico-sdk/src/rp2_common/pico_runtime_init/runtime_init.c.o
LOAD CMakeFiles/my_project.dir/home/jjy2026/pico/pico-sdk/src/rp2_common/pico_runtime_init/runtime_init_clocks.c.o
LOAD CMakeFiles/my_project.dir/home/jjy2026/pico/pico-sdk/src/rp2_common/pico_runtime_init/runtime_init_stack_guard.c.o
LOAD CMakeFiles/my_project.dir/home/jjy2026/pico/pico-sdk/src/rp2_common/pico_bit_ops/bit_ops_aeabi.S.o
LOAD CMakeFiles/my_project.dir/home/jjy2026/pico/pico-sdk/src/rp2_common/pico_divider/divider_compiler.c.o
LOAD CMakeFiles/my_project.dir/home/jjy2026/pico/pico-sdk/src/rp2_common/pico_double/double_math.c.o
LOAD CMakeFiles/my_project.dir/home/jjy2026/pico/pico-sdk/src/rp2_common/pico_double/double_aeabi_dcp.S.o
LOAD CMakeFiles/my_project.dir/home/jjy2026/pico/pico-sdk/src/rp2_common/pico_double/double_fma_dcp.S.o
LOAD CMakeFiles/my_project.dir/home/jjy2026/pico/pico-sdk/src/rp2_common/pico_double/double_sci_m33.S.o
LOAD CMakeFiles/my_project.dir/home/jjy2026/pico/pico-sdk/src/rp2_common/pico_double/double_conv_m33.S.o
LOAD CMakeFiles/my_project.dir/home/jjy2026/pico/pico-sdk/src/rp2_common/pico_float/float_math.c.o
LOAD CMakeFiles/my_project.dir/home/jjy2026/pico/pico-sdk/src/rp2_common/pico_float/float_conv32_vfp.S.o
LOAD CMakeFiles/my_project.dir/home/jjy2026/pico/pico-sdk/src/rp2_common/pico_float/float_common_m33.S.o
LOAD CMakeFiles/my_project.dir/home/jjy2026/pico/pico-sdk/src/rp2_common/pico_float/float_sci_m33_vfp.S.o
LOAD CMakeFiles/my_project.dir/home/jjy2026/pico/pico-sdk/src/rp2_common/pico_malloc/malloc.c.o
LOAD CMakeFiles/my_project.dir/home/jjy2026/pico/pico-sdk/src/rp2_common/pico_atomic/atomic.c.o
LOAD CMakeFiles/my_project.dir/home/jjy2026/pico/pico-sdk/src/rp2_common/pico_cxx_options/new_delete.cpp.o
LOAD CMakeFiles/my_project.dir/home/jjy2026/pico/pico-sdk/src/rp2_common/pico_standard_binary_info/standard_binary_info.c.o
LOAD CMakeFiles/my_project.dir/home/jjy2026/pico/pico-sdk/src/rp2_common/pico_printf/printf.c.o
LOAD CMakeFiles/my_project.dir/home/jjy2026/pico/pico-sdk/src/rp2_common/pico_crt0/crt0.S.o
LOAD CMakeFiles/my_project.dir/home/jjy2026/pico/pico-sdk/src/rp2_common/pico_clib_interface/newlib_interface.c.o
LOAD CMakeFiles/my_project.dir/home/jjy2026/pico/pico-sdk/src/rp2_common/pico_stdio/stdio.c.o
LOAD CMakeFiles/my_project.dir/home/jjy2026/pico/pico-sdk/src/rp2_common/pico_stdio_usb/reset_interface.c.o
LOAD CMakeFiles/my_project.dir/home/jjy2026/pico/pico-sdk/src/rp2_common/pico_stdio_usb/stdio_usb.c.o
LOAD CMakeFiles/my_project.dir/home/jjy2026/pico/pico-sdk/src/rp2_common/pico_stdio_usb/stdio_usb_descriptors.c.o
LOAD CMakeFiles/my_project.dir/home/jjy2026/pico/pico-sdk/src/rp2_common/pico_unique_id/unique_id.c.o
LOAD CMakeFiles/my_project.dir/home/jjy2026/pico/pico-sdk/src/rp2_common/hardware_flash/flash.c.o
LOAD CMakeFiles/my_project.dir/home/jjy2026/pico/pico-sdk/src/rp2_common/hardware_xip_cache/xip_cache.c.o
LOAD CMakeFiles/my_project.dir/home/jjy2026/pico/pico-sdk/lib/tinyusb/src/portable/raspberrypi/rp2040/dcd_rp2040.c.o
LOAD CMakeFiles/my_project.dir/home/jjy2026/pico/pico-sdk/lib/tinyusb/src/portable/raspberrypi/rp2040/rp2040_usb.c.o
LOAD CMakeFiles/my_project.dir/home/jjy2026/pico/pico-sdk/lib/tinyusb/src/device/usbd.c.o
LOAD CMakeFiles/my_project.dir/home/jjy2026/pico/pico-sdk/lib/tinyusb/src/device/usbd_control.c.o
LOAD CMakeFiles/my_project.dir/home/jjy2026/pico/pico-sdk/lib/tinyusb/src/class/audio/audio_device.c.o
LOAD CMakeFiles/my_project.dir/home/jjy2026/pico/pico-sdk/lib/tinyusb/src/class/cdc/cdc_device.c.o
LOAD CMakeFiles/my_project.dir/home/jjy2026/pico/pico-sdk/lib/tinyusb/src/class/dfu/dfu_device.c.o
LOAD CMakeFiles/my_project.dir/home/jjy2026/pico/pico-sdk/lib/tinyusb/src/class/dfu/dfu_rt_device.c.o
LOAD CMakeFiles/my_project.dir/home/jjy2026/pico/pico-sdk/lib/tinyusb/src/class/hid/hid_device.c.o
LOAD CMakeFiles/my_project.dir/home/jjy2026/pico/pico-sdk/lib/tinyusb/src/class/midi/midi_device.c.o
LOAD CMakeFiles/my_project.dir/home/jjy2026/pico/pico-sdk/lib/tinyusb/src/class/msc/msc_device.c.o
LOAD CMakeFiles/my_project.dir/home/jjy2026/pico/pico-sdk/lib/tinyusb/src/class/net/ecm_rndis_device.c.o
LOAD CMakeFiles/my_project.dir/home/jjy2026/pico/pico-sdk/lib/tinyusb/src/class/net/ncm_device.c.o
LOAD CMakeFiles/my_project.dir/home/jjy2026/pico/pico-sdk/lib/tinyusb/src/class/usbtmc/usbtmc_device.c.o
LOAD CMakeFiles/my_project.dir/home/jjy2026/pico/pico-sdk/lib/tinyusb/src/class/vendor/vendor_device.c.o
LOAD CMakeFiles/my_project.dir/home/jjy2026/pico/pico-sdk/lib/tinyusb/src/class/video/video_device.c.o
LOAD CMakeFiles/my_project.dir/home/jjy2026/pico/pico-sdk/lib/tinyusb/src/tusb.c.o
LOAD CMakeFiles/my_project.dir/home/jjy2026/pico/pico-sdk/lib/tinyusb/src/common/tusb_fifo.c.o
LOAD CMakeFiles/my_project.dir/home/jjy2026/pico/pico-sdk/src/rp2_common/pico_fix/rp2040_usb_device_enumeration/rp2040_usb_device_enumeration.c.o
LOAD pico-sdk/src/rp2350/boot_stage2/CMakeFiles/bs2_default_library.dir/bs2_default_padded_checksummed.S.o
LOAD /usr/lib/gcc/arm-none-eabi/13.2.1/../../../arm-none-eabi/lib/thumb/v8-m.main+fp/softfp/libstdc++.a
LOAD /usr/lib/gcc/arm-none-eabi/13.2.1/../../../arm-none-eabi/lib/thumb/v8-m.main+fp/softfp/libm.a
START GROUP
LOAD /usr/lib/gcc/arm-none-eabi/13.2.1/thumb/v8-m.main+fp/softfp/libgcc.a
LOAD /usr/lib/gcc/arm-none-eabi/13.2.1/../../../arm-none-eabi/lib/thumb/v8-m.main+fp/softfp/libg.a
LOAD /usr/lib/gcc/arm-none-eabi/13.2.1/../../../arm-none-eabi/lib/thumb/v8-m.main+fp/softfp/libc.a
END GROUP
START GROUP
LOAD /usr/lib/gcc/arm-none-eabi/13.2.1/thumb/v8-m.main+fp/softfp/libgcc.a
LOAD /usr/lib/gcc/arm-none-eabi/13.2.1/../../../arm-none-eabi/lib/thumb/v8-m.main+fp/softfp/libc.a
LOAD /usr/lib/gcc/arm-none-eabi/13.2.1/../../../arm-none-eabi/lib/thumb/v8-m.main+fp/softfp/libnosys.a
END GROUP
LOAD /usr/lib/gcc/arm-none-eabi/13.2.1/thumb/v8-m.main+fp/softfp/crtend.o
LOAD /usr/lib/gcc/arm-none-eabi/13.2.1/thumb/v8-m.main+fp/softfp/crtn.o
OUTPUT(my_project.elf elf32-littlearm)
LOAD linker stubs

.rel.dyn        0x10005504        0x0
 .rel.iplt      0x10005504        0x0 /usr/lib/gcc/arm-none-eabi/13.2.1/thumb/v8-m.main+fp/softfp/crtbegin.o

.ARM.attributes
                0x00000000       0x34
 .ARM.attributes
                0x00000000       0x26 /usr/lib/gcc/arm-none-eabi/13.2.1/thumb/v8-m.main+fp/softfp/crti.o
 .ARM.attributes
                0x00000026       0x36 /usr/lib/gcc/arm-none-eabi/13.2.1/thumb/v8-m.main+fp/softfp/crtbegin.o
 .ARM.attributes
                0x0000005c       0x38 CMakeFiles/my_project.dir/picomoter.c.o
 .ARM.attributes
                0x00000094       0x38 CMakeFiles/my_project.dir/home/jjy2026/pico/pico-sdk/src/rp2_common/hardware_gpio/gpio.c.o
 .ARM.attributes
                0x000000cc       0x38 CMakeFiles/my_project.dir/home/jjy2026/pico/pico-sdk/src/rp2_common/pico_platform_panic/panic.c.o
 .ARM.attributes
                0x00000104       0x38 CMakeFiles/my_project.dir/home/jjy2026/pico/pico-sdk/src/common/hardware_claim/claim.c.o
 .ARM.attributes
                0x0000013c       0x38 CMakeFiles/my_project.dir/home/jjy2026/pico/pico-sdk/src/rp2_common/hardware_sync/sync.c.o
 .ARM.attributes
                0x00000174       0x38 CMakeFiles/my_project.dir/home/jjy2026/pico/pico-sdk/src/rp2_common/hardware_sync_spin_lock/sync_spin_lock.c.o
 .ARM.attributes
                0x000001ac       0x38 CMakeFiles/my_project.dir/home/jjy2026/pico/pico-sdk/src/rp2_common/hardware_irq/irq.c.o
 .ARM.attributes
                0x000001e4       0x28 CMakeFiles/my_project.dir/home/jjy2026/pico/pico-sdk/src/rp2_common/hardware_irq/irq_handler_chain.S.o
 .ARM.attributes
                0x0000020c       0x38 CMakeFiles/my_project.dir/home/jjy2026/pico/pico-sdk/src/common/pico_sync/lock_core.c.o
 .ARM.attributes
                0x00000244       0x38 CMakeFiles/my_project.dir/home/jjy2026/pico/pico-sdk/src/common/pico_sync/mutex.c.o
 .ARM.attributes
                0x0000027c       0x38 CMakeFiles/my_project.dir/home/jjy2026/pico/pico-sdk/src/common/pico_sync/critical_section.c.o
 .ARM.attributes
                0x000002b4       0x38 CMakeFiles/my_project.dir/home/jjy2026/pico/pico-sdk/src/common/pico_time/time.c.o
 .ARM.attributes
                0x000002ec       0x38 CMakeFiles/my_project.dir/home/jjy2026/pico/pico-sdk/src/rp2_common/hardware_timer/timer.c.o
 .ARM.attributes
                0x00000324       0x38 CMakeFiles/my_project.dir/home/jjy2026/pico/pico-sdk/src/rp2_common/hardware_clocks/clocks.c.o
 .ARM.attributes
                0x0000035c       0x38 CMakeFiles/my_project.dir/home/jjy2026/pico/pico-sdk/src/rp2_common/hardware_pll/pll.c.o
 .ARM.attributes
                0x00000394       0x38 CMakeFiles/my_project.dir/home/jjy2026/pico/pico-sdk/src/rp2_common/hardware_watchdog/watchdog.c.o
 .ARM.attributes
                0x000003cc       0x38 CMakeFiles/my_project.dir/home/jjy2026/pico/pico-sdk/src/rp2_common/hardware_ticks/ticks.c.o
 .ARM.attributes
                0x00000404       0x38 CMakeFiles/my_project.dir/home/jjy2026/pico/pico-sdk/src/rp2_common/pico_bootrom/bootrom.c.o
 .ARM.attributes
                0x0000043c       0x38 CMakeFiles/my_project.dir/home/jjy2026/pico/pico-sdk/src/rp2_common/pico_bootrom/bootrom_lock.c.o
 .ARM.attributes
                0x00000474       0x38 CMakeFiles/my_project.dir/home/jjy2026/pico/pico-sdk/src/rp2_common/hardware_boot_lock/boot_lock.c.o
 .ARM.attributes
                0x000004ac       0x38 CMakeFiles/my_project.dir/home/jjy2026/pico/pico-sdk/src/rp2_common/hardware_xosc/xosc.c.o
 .ARM.attributes
                0x000004e4       0x38 CMakeFiles/my_project.dir/home/jjy2026/pico/pico-sdk/src/rp2_common/pico_runtime/runtime.c.o
 .ARM.attributes
                0x0000051c       0x38 CMakeFiles/my_project.dir/home/jjy2026/pico/pico-sdk/src/rp2_common/pico_runtime_init/runtime_init.c.o
 .ARM.attributes
                0x00000554       0x38 CMakeFiles/my_project.dir/home/jjy2026/pico/pico-sdk/src/rp2_common/pico_runtime_init/runtime_init_clocks.c.o
 .ARM.attributes
                0x0000058c       0x38 CMakeFiles/my_project.dir/home/jjy2026/pico/pico-sdk/src/rp2_common/pico_standard_binary_info/standard_binary_info.c.o
 .ARM.attributes
                0x000005c4       0x38 CMakeFiles/my_project.dir/home/jjy2026/pico/pico-sdk/src/rp2_common/pico_printf/printf.c.o
 .ARM.attributes
                0x000005fc       0x28 CMakeFiles/my_project.dir/home/jjy2026/pico/pico-sdk/src/rp2_common/pico_crt0/crt0.S.o
 .ARM.attributes
                0x00000624       0x38 CMakeFiles/my_project.dir/home/jjy2026/pico/pico-sdk/src/rp2_common/pico_clib_interface/newlib_interface.c.o
 .ARM.attributes
                0x0000065c       0x38 CMakeFiles/my_project.dir/home/jjy2026/pico/pico-sdk/src/rp2_common/pico_stdio/stdio.c.o
 .ARM.attributes
                0x00000694       0x38 CMakeFiles/my_project.dir/home/jjy2026/pico/pico-sdk/src/rp2_common/pico_stdio_usb/reset_interface.c.o
 .ARM.attributes
                0x000006cc       0x38 CMakeFiles/my_project.dir/home/jjy2026/pico/pico-sdk/src/rp2_common/pico_stdio_usb/stdio_usb.c.o
 .ARM.attributes
                0x00000704       0x38 CMakeFiles/my_project.dir/home/jjy2026/pico/pico-sdk/src/rp2_common/pico_stdio_usb/stdio_usb_descriptors.c.o
 .ARM.attributes
                0x0000073c       0x38 CMakeFiles/my_project.dir/home/jjy2026/pico/pico-sdk/src/rp2_common/pico_unique_id/unique_id.c.o
 .ARM.attributes
                0x00000774       0x38 CMakeFiles/my_project.dir/home/jjy2026/pico/pico-sdk/lib/tinyusb/src/portable/raspberrypi/rp2040/dcd_rp2040.c.o
 .ARM.attributes
                0x000007ac       0x38 CMakeFiles/my_project.dir/home/jjy2026/pico/pico-sdk/lib/tinyusb/src/portable/raspberrypi/rp2040/rp2040_usb.c.o
 .ARM.attributes
                0x000007e4       0x38 CMakeFiles/my_project.dir/home/jjy2026/pico/pico-sdk/lib/tinyusb/src/device/usbd.c.o
 .ARM.attributes
                0x0000081c       0x38 CMakeFiles/my_project.dir/home/jjy2026/pico/pico-sdk/lib/tinyusb/src/device/usbd_control.c.o
 .ARM.attributes
                0x00000854       0x38 CMakeFiles/my_project.dir/home/jjy2026/pico/pico-sdk/lib/tinyusb/src/class/cdc/cdc_device.c.o
 .ARM.attributes
                0x0000088c       0x38 CMakeFiles/my_project.dir/home/jjy2026/pico/pico-sdk/lib/tinyusb/src/class/vendor/vendor_device.c.o
 .ARM.attributes
                0x000008c4       0x38 CMakeFiles/my_project.dir/home/jjy2026/pico/pico-sdk/lib/tinyusb/src/tusb.c.o
 .ARM.attributes
                0x000008fc       0x38 CMakeFiles/my_project.dir/home/jjy2026/pico/pico-sdk/lib/tinyusb/src/common/tusb_fifo.c.o
 .ARM.attributes
                0x00000934       0x36 /usr/lib/gcc/arm-none-eabi/13.2.1/../../../arm-none-eabi/lib/thumb/v8-m.main+fp/softfp/libg.a(libc_a-memset.o)
 .ARM.attributes
                0x0000096a       0x24 /usr/lib/gcc/arm-none-eabi/13.2.1/../../../arm-none-eabi/lib/thumb/v8-m.main+fp/softfp/libg.a(libc_a-memcpy.o)
 .ARM.attributes
                0x0000098e       0x36 /usr/lib/gcc/arm-none-eabi/13.2.1/../../../arm-none-eabi/lib/thumb/v8-m.main+fp/softfp/libg.a(libc_a-atexit.o)
 .ARM.attributes
                0x000009c4       0x36 /usr/lib/gcc/arm-none-eabi/13.2.1/../../../arm-none-eabi/lib/thumb/v8-m.main+fp/softfp/libg.a(libc_a-strlen-stub.o)
 .ARM.attributes
                0x000009fa       0x36 /usr/lib/gcc/arm-none-eabi/13.2.1/../../../arm-none-eabi/lib/thumb/v8-m.main+fp/softfp/libg.a(libc_a-fini.o)
 .ARM.attributes
                0x00000a30       0x36 /usr/lib/gcc/arm-none-eabi/13.2.1/../../../arm-none-eabi/lib/thumb/v8-m.main+fp/softfp/libg.a(libc_a-__atexit.o)
 .ARM.attributes
                0x00000a66       0x36 /usr/lib/gcc/arm-none-eabi/13.2.1/../../../arm-none-eabi/lib/thumb/v8-m.main+fp/softfp/libg.a(libc_a-__call_atexit.o)
 .ARM.attributes
                0x00000a9c       0x36 /usr/lib/gcc/arm-none-eabi/13.2.1/thumb/v8-m.main+fp/softfp/crtend.o

.comment        0x00000000       0x26
 .comment       0x00000000       0x26 /usr/lib/gcc/arm-none-eabi/13.2.1/thumb/v8-m.main+fp/softfp/crtbegin.o
                                 0x27 (size before relaxing)
 .comment       0x00000026       0x27 CMakeFiles/my_project.dir/picomoter.c.o
 .comment       0x00000026       0x27 CMakeFiles/my_project.dir/home/jjy2026/pico/pico-sdk/src/rp2_common/hardware_gpio/gpio.c.o
 .comment       0x00000026       0x27 CMakeFiles/my_project.dir/home/jjy2026/pico/pico-sdk/src/rp2_common/pico_platform_panic/panic.c.o
 .comment       0x00000026       0x27 CMakeFiles/my_project.dir/home/jjy2026/pico/pico-sdk/src/common/hardware_claim/claim.c.o
 .comment       0x00000026       0x27 CMakeFiles/my_project.dir/home/jjy2026/pico/pico-sdk/src/rp2_common/hardware_sync/sync.c.o
 .comment       0x00000026       0x27 CMakeFiles/my_project.dir/home/jjy2026/pico/pico-sdk/src/rp2_common/hardware_sync_spin_lock/sync_spin_lock.c.o
 .comment       0x00000026       0x27 CMakeFiles/my_project.dir/home/jjy2026/pico/pico-sdk/src/rp2_common/hardware_irq/irq.c.o
 .comment       0x00000026       0x27 CMakeFiles/my_project.dir/home/jjy2026/pico/pico-sdk/src/common/pico_sync/lock_core.c.o
 .comment       0x00000026       0x27 CMakeFiles/my_project.dir/home/jjy2026/pico/pico-sdk/src/common/pico_sync/mutex.c.o
 .comment       0x00000026       0x27 CMakeFiles/my_project.dir/home/jjy2026/pico/pico-sdk/src/common/pico_sync/critical_section.c.o